
 num     #instances         #bytes  class name
----------------------------------------------
   1:          5320       55194192  [I
   2:        177892       43626768  [B
   3:        238196       26747704  [C
   4:         28548        4716616  <constMethodKlass>
   5:         28548        3890928  <methodKlass>
   6:          2591        3108568  <constantPoolKlass>
   7:        109694        2632656  java.lang.String
   8:         34598        2136280  [Ljava.lang.Object;
   9:          2591        1899816  <instanceKlassKlass>
  10:          2259        1812160  <constantPoolCacheKlass>
  11:         35473        1135136  java.util.HashMap$Entry
  12:          5347         911336  [Ljava.util.HashMap$Entry;
  13:          9795         737448  [S
  14:         24559         589416  javassist.bytecode.Utf8Info
  15:          6104         488320  java.lang.reflect.Method
  16:         19699         472776  java.util.ArrayList
  17:         16602         398448  java.lang.StringBuilder
  18:          6063         388032  java.net.URL
  19:          2837         345976  java.lang.Class
  20:           599         259440  [Ljavassist.bytecode.ConstInfo;
  21:         12386         241704  [Ljava.lang.Class;
  22:          4245         216608  [[I
  23:          5319         212760  javassist.bytecode.MethodInfo
  24:          5141         205640  javassist.bytecode.CodeAttribute
  25:          2463         197040  java.util.jar.JarFile$JarFileEntry
  26:           366         181808  <methodDataKlass>
  27:          3210         179760  java.util.HashMap
  28:          7158         171792  javassist.bytecode.NameAndTypeInfo
  29:          2463         157632  java.util.zip.ZipEntry
  30:          6465         155160  javassist.bytecode.MethodrefInfo
  31:          4408         141056  java.util.concurrent.ConcurrentHashMap$HashEntry
  32:          3292         131680  java.lang.ref.Finalizer
  33:           229         130072  <objArrayKlassKlass>
  34:          5198         124752  javassist.bytecode.ExceptionTable
  35:          5064         121536  javassist.bytecode.LineNumberAttribute
  36:          5004         120096  javassist.bytecode.LocalVariableAttribute
  37:          2876         115040  java.util.LinkedHashMap$Entry
  38:          3941         111824  [Ljava.lang.String;
  39:          4296         103104  java.lang.StringBuffer
  40:           965         102248  [Ljava.lang.reflect.Method;
  41:          3894          93456  javassist.compiler.ast.ASTList
  42:          1583          88648  java.util.zip.ZipFile$ZipFileInputStream
  43:          1506          84336  java.util.zip.ZipFile$ZipFileInflaterInputStream
  44:          2087          83480  java.lang.ref.SoftReference
  45:          1093          78696  com.sun.org.apache.xerces.internal.impl.xs.opti.ElementImpl
  46:          3237          77688  java.io.File
  47:          2279          72928  java.lang.ref.WeakReference
  48:          1715          68600  java.util.WeakHashMap$Entry
  49:          3630          67848  [Ljava.lang.reflect.TypeVariable;
  50:           873          67368  [Ljava.util.concurrent.ConcurrentHashMap$HashEntry;
  51:          1042          66688  java.util.LinkedHashMap
  52:          2691          64584  javassist.bytecode.ClassInfo
  53:          2626          63024  java.net.URLClassLoader$1
  54:          1566          62640  javassist.compiler.Token
  55:          1543          61720  java.lang.ClassNotFoundException
  56:          1491          59640  java.security.PrivilegedActionException
  57:          2970          59208  [Ljava.lang.reflect.Type;
  58:          3469          55504  java.lang.Object
  59:          1336          53440  java.util.HashMap$KeyIterator
  60:           509          52936  sun.net.www.protocol.file.FileURLConnection
  61:           705          50760  java.lang.reflect.Constructor
  62:          1486          47552  sun.misc.URLClassPath$JarLoader$2
  63:           638          45936  java.beans.PropertyDescriptor
  64:          1911          45864  sun.misc.ProxyGenerator$ConstantPool$IndirectEntry
  65:          2180          45776  [Lorg.w3c.dom.Attr;
  66:           727          42032  [Lcom.sun.org.apache.xerces.internal.impl.xs.opti.NodeImpl;
  67:          1013          40520  com.sun.org.apache.xerces.internal.impl.xs.opti.AttrImpl
  68:          2439          39024  javassist.bytecode.StringInfo
  69:            47          37928  [[Lcom.sun.org.apache.xerces.internal.impl.xs.opti.NodeImpl;
  70:          1169          37408  java.util.ArrayList$Itr
  71:          1164          37248  java.security.CodeSource
  72:           512          36864  java.lang.reflect.Field
  73:          1076          34432  java.util.Hashtable$Entry
  74:          2081          33296  java.util.HashSet
  75:           551          30856  java.beans.MethodDescriptor
  76:           184          29936  [Ljava.util.Hashtable$Entry;
  77:           738          29520  com.sun.org.apache.xerces.internal.impl.dv.ValidatedInfo
  78:           727          29080  javassist.bytecode.FieldInfo
  79:           454          29056  java.util.regex.Matcher
  80:           710          28400  java.util.TreeMap$Entry
  81:          1700          27200  javassist.compiler.ast.Symbol
  82:           562          26976  java.nio.HeapByteBuffer
  83:           132          26920  [Z
  84:          1089          26136  java.lang.Long
  85:          1487          23792  sun.net.www.ParseUtil
  86:           926          22224  javassist.bytecode.InterfaceMethodrefInfo
  87:           539          21560  java.util.concurrent.ConcurrentHashMap$Segment
  88:           333          21312  org.mortbay.io.BufferCache$CachedBuffer
  89:           104          20800  com.sun.org.apache.xerces.internal.impl.dv.xs.XSSimpleTypeDecl
  90:           499          19960  org.mortbay.util.StringMap$Node
  91:           825          19800  java.io.FileDescriptor
  92:           349          19544  org.springframework.beans.PropertyValue
  93:           485          19400  java.util.HashMap$EntryIterator
  94:           485          19400  javassist.compiler.ast.Declarator
  95:           202          19392  org.springframework.beans.GenericTypeAwarePropertyDescriptor
  96:           806          19344  javassist.bytecode.SignatureAttribute
  97:           796          19104  [Ljava.net.InetSocketAddress;
  98:           594          19008  java.util.concurrent.locks.ReentrantLock$NonfairSync
  99:            84          18440  [Lcom.sun.org.apache.xerces.internal.util.SymbolHash$Entry;
 100:           743          17832  javassist.bytecode.StackMapTable
 101:           729          17496  javassist.compiler.ast.Stmnt
 102:          1089          17424  com.sun.org.apache.xerces.internal.impl.xs.opti.NamedNodeMapImpl
 103:          1038          16608  java.lang.Short
 104:           689          16536  javassist.bytecode.FieldrefInfo
 105:           682          16368  javassist.bytecode.LocalVariableTypeAttribute
 106:           202          16160  [Ljava.util.concurrent.ConcurrentHashMap$Segment;
 107:           279          15624  javassist.compiler.SymbolTable
 108:           485          15520  java.io.DataInputStream
 109:           176          15488  sun.net.www.protocol.jar.URLJarFile$URLJarFileEntry
 110:           176          15488  sun.net.www.protocol.jar.JarURLConnection
 111:           175          15400  [Lorg.mortbay.util.StringMap$Node;
 112:           640          15360  javassist.compiler.MemberResolver$Method
 113:           470          15040  java.util.LinkedHashMap$KeyIterator
 114:           459          14688  java.util.ArrayList$ListItr
 115:           598          14352  java.net.URLClassLoader$2
 116:           883          14128  sun.reflect.ConstantPool
 117:           434          13888  java.util.AbstractList$ListItr
 118:           115          13800  javassist.compiler.JvstCodeGen
 119:           857          13712  java.util.concurrent.atomic.AtomicInteger
 120:           563          13512  sun.reflect.generics.reflectiveObjects.ParameterizedTypeImpl
 121:            99          13464  org.springframework.beans.factory.support.RootBeanDefinition
 122:           413          13216  javassist.bytecode.ExceptionTableEntry
 123:           408          13056  javassist.NotFoundException
 124:           527          12648  javassist.compiler.ast.Member
 125:           509          12216  sun.net.www.MessageHeader
 126:           507          12168  org.apache.log4j.CategoryKey
 127:           499          11976  javassist.compiler.ast.Expr
 128:           245          11760  com.sun.org.apache.xerces.internal.impl.xs.XSAttributeDecl
 129:           350          11200  com.sun.org.apache.xerces.internal.impl.dv.xs.QNameDV$XQName
 130:           338          10816  javassist.compiler.ast.CallExpr
 131:           185          10360  java.lang.Package
 132:           209          10032  sun.nio.cs.UTF_8$Encoder
 133:           149           9912  [Lcom.sun.org.apache.xerces.internal.impl.xs.XSAttributeUseImpl;
 134:           412           9888  javassist.compiler.ast.Variable
 135:           154           9856  javassist.CtClassType
 136:           292           9808  [Lcom.sun.org.apache.xerces.internal.xs.XSObject;
 137:           201           9648  java.util.concurrent.ConcurrentHashMap
 138:           401           9624  java.util.LinkedList$Node
 139:           395           9480  java.lang.Class$MethodArray
 140:           148           9472  javassist.bytecode.ClassFile
 141:           295           9440  com.sun.org.apache.xerces.internal.util.SymbolTable$Entry
 142:           283           9056  com.sun.org.apache.xerces.internal.util.NamespaceSupport$Prefixes
 143:           278           8896  java.util.AbstractList$Itr
 144:           368           8832  sun.reflect.generics.tree.SimpleClassTypeSignature
 145:           361           8664  com.sun.org.apache.xerces.internal.util.SymbolHash$Entry
 146:           354           8496  com.sun.org.apache.xerces.internal.impl.xs.util.XSObjectListImpl
 147:           212           8480  java.util.Formatter$FormatSpecifier
 148:           512           8192  sun.misc.ProxyGenerator$ConstantPool$ValueEntry
 149:            99           8112  [Ljava.util.WeakHashMap$Entry;
 150:           336           8064  sun.reflect.generics.visitor.Reifier
 151:           497           7952  java.lang.Integer
 152:           212           7920  [Ljava.util.Formatter$Flags;
 153:           245           7840  com.sun.org.apache.xerces.internal.impl.xs.XSAttributeUseImpl
 154:           476           7616  java.util.Collections$UnmodifiableMap$UnmodifiableEntrySet$UnmodifiableEntry
 155:           311           7464  java.util.Collections$SynchronizedSet
 156:           311           7464  java.util.Formatter$FixedString
 157:           231           7392  javassist.CtMethod
 158:           132           7392  java.util.Hashtable
 159:           226           7232  com.sun.org.apache.xerces.internal.impl.dtd.models.CMStateSet
 160:           300           7200  sun.reflect.generics.parser.SignatureParser
 161:           300           7200  sun.reflect.generics.factory.CoreReflectionFactory
 162:           148           7104  [[Ljavassist.bytecode.ConstInfo;
 163:           289           6936  java.util.jar.Attributes$Name
 164:           214           6848  com.sun.org.apache.xerces.internal.xni.QName
 165:           405           6824  [Lsun.reflect.generics.tree.TypeArgument;
 166:           283           6792  com.sun.org.apache.xerces.internal.impl.xs.XSAnnotationImpl
 167:           211           6752  java.io.DataOutputStream
 168:            35           6456  [Ljava.beans.MethodDescriptor;
 169:           268           6432  java.util.Arrays$ArrayList
 170:           260           6240  sun.reflect.generics.scope.ClassScope
 171:           192           6144  java.util.concurrent.locks.AbstractQueuedSynchronizer$Node
 172:           148           5920  javassist.bytecode.ConstPool
 173:           241           5784  javassist.bytecode.AnnotationsAttribute
 174:           102           5712  org.apache.zookeeper.ClientCnxn$Packet
 175:           354           5664  sun.reflect.generics.tree.ClassTypeSignature
 176:           176           5632  java.lang.NoSuchMethodException
 177:           233           5616  [Ljava.lang.reflect.Constructor;
 178:           115           5520  javassist.compiler.Lex
 179:           171           5472  java.io.FilePermission
 180:           136           5440  java.io.BufferedInputStream
 181:           226           5424  sun.reflect.annotation.AnnotationInvocationHandler
 182:            96           5376  java.util.WeakHashMap
 183:           134           5360  javassist.bytecode.Bytecode
 184:           220           5280  java.io.ByteArrayOutputStream
 185:           218           5232  sun.nio.ch.EPollArrayWrapper$Updator
 186:           161           5152  sun.misc.URLClassPath$1
 187:           212           5088  javassist.bytecode.DeprecatedAttribute
 188:           211           5064  javassist.bytecode.ExceptionsAttribute
 189:            89           4984  org.mortbay.io.ByteArrayBuffer
 190:            14           4744  [Lorg.mortbay.io.Buffer;
 191:           192           4608  sun.reflect.NativeMethodAccessorImpl
 192:           115           4600  javassist.compiler.JvstTypeChecker
 193:             8           4544  <typeArrayKlassKlass>
 194:           112           4480  com.sun.org.apache.xerces.internal.impl.xs.XSParticleDecl
 195:           108           4320  java.util.HashMap$ValueIterator
 196:           180           4320  sun.misc.ProxyGenerator$ExceptionTableEntry
 197:           175           4200  sun.net.www.protocol.jar.JarURLConnection$JarURLInputStream
 198:           130           4160  java.util.LinkedList
 199:           173           4152  javassist.compiler.ast.BinExpr
 200:           102           4120  [Ljava.util.Formatter$FormatString;
 201:           167           4008  java.util.regex.Pattern$5
 202:           164           3936  java.util.regex.Pattern$1
 203:           123           3936  org.apache.zookeeper.proto.ReplyHeader
 204:           161           3864  [Ljava.util.Enumeration;
 205:           161           3864  java.net.URLClassLoader$3
 206:           161           3864  sun.misc.CompoundEnumeration
 207:            59           3776  java.util.jar.JarFile
 208:            78           3744  sun.misc.URLClassPath$JarLoader
 209:           232           3712  javassist.compiler.ast.Keyword
 210:           154           3696  java.net.Parts
 211:           230           3680  javassist.compiler.MemberResolver
 212:            76           3648  java.nio.HeapCharBuffer
 213:           180           3608  [Ljavassist.CtClass;
 214:           148           3552  javassist.bytecode.SourceFileAttribute
 215:           222           3552  java.util.Formatter$Flags
 216:           111           3552  java.util.LinkedList$ListItr
 217:           148           3552  javassist.bytecode.LongVector
 218:           110           3472  [Lorg.springframework.beans.PropertyValue;
 219:            72           3456  sun.misc.ProxyGenerator$MethodInfo
 220:            86           3440  java.math.BigInteger
 221:           107           3424  javassist.compiler.ast.CastExpr
 222:            61           3416  java.util.ResourceBundle$CacheKey
 223:            85           3400  org.apache.log4j.Logger
 224:           106           3392  java.util.regex.Pattern$Curly
 225:           140           3360  javassist.bytecode.ConstantAttribute
 226:           154           3344  [Lsun.reflect.generics.tree.FieldTypeSignature;
 227:           104           3328  java.lang.ref.ReferenceQueue
 228:            46           3312  com.alibaba.dubbo.common.URL
 229:           102           3264  java.util.Formatter
 230:           204           3264  java.net.URLClassLoader$3$1
 231:           100           3200  javassist.compiler.ast.NewExpr
 232:            72           3192  [Ljava.lang.reflect.Field;
 233:            13           3136  [[Ljava.lang.Object;
 234:           195           3120  org.springframework.beans.factory.support.MethodOverrides
 235:           192           3072  sun.reflect.DelegatingMethodAccessorImpl
 236:           126           3024  sun.reflect.NativeConstructorAccessorImpl
 237:            35           2920  [Ljava.beans.PropertyDescriptor;
 238:            40           2880  java.util.regex.Pattern
 239:            45           2880  com.sun.org.apache.xerces.internal.impl.xs.XSComplexTypeDecl
 240:           115           2760  javassist.compiler.Javac
 241:            49           2744  org.springframework.core.MethodParameter
 242:           171           2736  java.io.FilePermission$1
 243:            38           2736  com.sun.org.apache.xerces.internal.impl.xs.XSElementDecl
 244:            83           2656  sun.misc.URLClassPath$2
 245:           110           2640  java.lang.Class$1
 246:            82           2624  java.util.zip.ZipCoder
 247:           164           2624  javassist.compiler.ast.StringL
 248:           109           2616  com.sun.org.apache.xerces.internal.util.FeatureState
 249:           108           2592  org.springframework.beans.MutablePropertyValues
 250:            54           2592  java.util.TreeMap
 251:           108           2592  com.sun.org.apache.xerces.internal.util.PropertyState
 252:            80           2560  java.util.zip.Inflater
 253:           156           2496  javassist.bytecode.IntegerInfo
 254:           156           2496  java.util.HashMap$EntrySet
 255:           102           2448  org.apache.jute.BinaryOutputArchive
 256:            51           2448  com.sun.org.apache.xerces.internal.impl.xs.XSAttributeGroupDecl
 257:           101           2424  java.util.regex.Pattern$GroupTail
 258:           101           2424  java.util.regex.Pattern$GroupHead
 259:           101           2424  org.springframework.beans.factory.config.ConstructorArgumentValues
 260:           101           2424  org.apache.zookeeper.proto.RequestHeader
 261:            43           2408  com.sun.org.apache.xerces.internal.impl.xs.AttributePSVImpl
 262:            96           2304  com.sun.beans.WildcardTypeImpl
 263:            40           2240  [Ljava.util.regex.Pattern$GroupHead;
 264:            35           2240  java.beans.Introspector
 265:            23           2208  sun.util.calendar.Gregorian$Date
 266:            69           2208  org.apache.log4j.ProvisionNode
 267:            92           2208  java.util.regex.Pattern$BitClass
 268:            68           2176  java.util.Vector
 269:            54           2160  sun.misc.ProxyGenerator$ProxyMethod
 270:             3           2136  [Lcom.sun.org.apache.xerces.internal.util.SymbolTable$Entry;
 271:            11           2112  <klassKlass>
 272:            88           2112  java.io.ExpiringCache$Entry
 273:            43           2064  com.sun.org.apache.xerces.internal.dom.DeferredAttrNSImpl
 274:           128           2048  java.lang.Character
 275:           126           2016  sun.reflect.DelegatingConstructorAccessorImpl
 276:            84           2016  com.sun.org.apache.xerces.internal.util.SymbolHash
 277:            28           2016  org.mortbay.jetty.servlet.ServletHandler$MruCache
 278:            14           2016  java.text.DecimalFormat
 279:            82           1968  javassist.compiler.ast.IntConst
 280:            41           1968  sun.util.locale.LocaleObjectCache$CacheEntry
 281:            82           1968  java.util.ArrayDeque
 282:            61           1952  java.util.ResourceBundle$LoaderReference
 283:            80           1920  java.util.zip.ZStreamRef
 284:            80           1920  sun.misc.URLClassPath$3
 285:            39           1872  com.sun.org.apache.xerces.internal.impl.xs.models.XSCMLeaf
 286:            23           1840  sun.net.www.protocol.jar.URLJarFile
 287:           115           1840  javassist.compiler.Parser
 288:            76           1824  javassist.bytecode.LongInfo
 289:            57           1824  javassist.compiler.Javac$CtFieldWithInit
 290:            56           1792  sun.reflect.UnsafeStaticObjectFieldAccessorImpl
 291:            36           1728  com.sun.org.apache.xerces.internal.util.XMLAttributesImpl$Attribute
 292:            54           1728  sun.misc.ProxyGenerator$FieldInfo
 293:            38           1720  [Lcom.sun.org.apache.xerces.internal.impl.xs.XSParticleDecl;
 294:            43           1720  sun.reflect.generics.repository.MethodRepository
 295:            53           1696  java.util.Collections$UnmodifiableMap
 296:           106           1696  java.lang.ref.ReferenceQueue$Lock
 297:            35           1680  java.beans.BeanDescriptor
 298:            15           1680  java.util.GregorianCalendar
 299:           102           1632  $Proxy5
 300:           102           1632  org.apache.zookeeper.server.ByteBufferInputStream
 301:           102           1632  org.apache.jute.BinaryInputArchive
 302:            68           1632  sun.misc.FileURLMapper
 303:            50           1608  [Ljava.security.ProtectionDomain;
 304:            13           1600  [J
 305:           100           1600  java.util.HashMap$Values
 306:            50           1600  sun.reflect.UnsafeQualifiedStaticIntegerFieldAccessorImpl
 307:            18           1584  java.util.jar.JarVerifier
 308:            97           1552  com.alibaba.dubbo.common.utils.Holder
 309:            48           1536  com.sun.org.apache.xerces.internal.impl.xs.traversers.OneAttr
 310:            32           1536  com.sun.org.apache.xerces.internal.impl.dv.xs.DecimalDV$XDecimal
 311:            32           1536  com.sun.org.apache.xerces.internal.impl.xs.models.XSCMBinOp
 312:            13           1504  [[I
 313:            42           1472  [Lcom.sun.org.apache.xerces.internal.impl.xs.traversers.OneAttr;
 314:            23           1472  com.alibaba.dubbo.common.extension.ExtensionLoader
 315:            46           1472  com.sun.org.apache.xerces.internal.impl.xs.util.SimpleLocator
 316:            14           1456  java.lang.Thread
 317:            90           1440  java.util.HashMap$KeySet
 318:            60           1440  javassist.bytecode.InnerClassesAttribute
 319:            45           1440  javassist.CtMember$Cache
 320:            60           1440  com.sun.org.apache.xerces.internal.util.XMLStringBuffer
 321:            44           1408  java.util.LinkedHashMap$EntryIterator
 322:            35           1400  sun.nio.cs.UTF_8$Decoder
 323:            35           1400  java.beans.GenericBeanInfo
 324:            58           1392  javassist.compiler.ast.MethodDecl
 325:            43           1376  sun.reflect.generics.tree.MethodTypeSignature
 326:            57           1368  java.util.regex.Pattern$Single
 327:            57           1368  javassist.compiler.ast.FieldDecl
 328:            28           1344  sun.nio.cs.StreamDecoder
 329:            56           1344  com.sun.org.apache.xerces.internal.xni.XMLString
 330:            21           1344  java.text.DecimalFormatSymbols
 331:            12           1344  com.sun.org.apache.xerces.internal.impl.dv.XSFacets
 332:            83           1328  java.lang.ClassLoader$2
 333:            27           1296  java.io.BufferedReader
 334:            40           1280  com.sun.org.apache.xerces.internal.util.AugmentationsImpl$SmallContainer
 335:            79           1264  javassist.bytecode.ConstInfoPadding
 336:            51           1224  java.util.Collections$UnmodifiableMap$UnmodifiableEntrySet$1
 337:            19           1216  javassist.CtNewClass
 338:            25           1200  java.util.Properties$LineReader
 339:            50           1200  java.util.zip.ZipFile$1
 340:            50           1200  java.util.jar.JarFile$1
 341:            37           1184  com.sun.org.apache.xerces.internal.impl.xs.XSModelGroupImpl
 342:            49           1176  sun.security.action.GetPropertyAction
 343:            29           1160  java.security.ProtectionDomain
 344:            36           1152  java.lang.StackTraceElement
 345:            24           1152  java.util.Hashtable$Enumerator
 346:            24           1152  com.sun.org.apache.xerces.internal.util.URI
 347:             8           1152  sun.reflect.MethodAccessorGenerator
 348:            24           1152  java.util.ResourceBundle$BundleReference
 349:            18           1152  java.nio.DirectByteBuffer
 350:            28           1120  java.util.ArrayList$SubList
 351:            28           1120  java.util.ArrayList$SubList$1
 352:            28           1120  org.springframework.beans.propertyeditors.CustomNumberEditor
 353:            35           1120  java.util.TreeMap$ValueIterator
 354:            20           1120  java.util.Properties
 355:            46           1104  javassist.CtConstructor
 356:            68           1088  sun.misc.URLClassPath$JarLoader$1
 357:            27           1080  sun.util.locale.BaseLocale$Key
 358:             2           1072  [Ljava.lang.Runnable;
 359:            19           1064  sun.util.calendar.ZoneInfo
 360:             2           1064  [Ljava.lang.Integer;
 361:            33           1056  java.security.AccessControlContext
 362:            44           1056  java.util.regex.Pattern$TreeInfo
 363:            33           1056  java.lang.ArrayIndexOutOfBoundsException
 364:            26           1040  java.math.BigDecimal
 365:             3           1032  com.sun.org.apache.xerces.internal.impl.XMLNSDocumentScannerImpl
 366:            43           1032  sun.reflect.generics.scope.MethodScope
 367:            32           1024  sun.reflect.ClassFileAssembler
 368:            14           1016  [Lcom.sun.org.apache.xerces.internal.impl.dtd.models.CMStateSet;
 369:            25           1000  java.io.ObjectStreamField
 370:            10            960  [Lcom.sun.org.apache.xerces.internal.xni.QName;
 371:            59            944  com.alibaba.dubbo.common.logger.log4j.Log4jLogger
 372:            39            936  java.util.Collections$UnmodifiableCollection$1
 373:            58            928  com.alibaba.dubbo.common.logger.support.FailsafeLogger
 374:            38            912  [Lcom.sun.org.apache.xerces.internal.impl.xs.identity.IdentityConstraint;
 375:            28            896  java.lang.StringCoding$StringEncoder
 376:            37            888  java.util.concurrent.ConcurrentHashMap$WriteThroughEntry
 377:            34            872  [Ljava.util.regex.Pattern$Node;
 378:            36            864  com.sun.org.apache.xerces.internal.impl.xs.traversers.SmallContainer
 379:            27            864  java.util.regex.Pattern$Branch
 380:            36            864  java.util.regex.Pattern$Slice
 381:            12            864  com.sun.org.apache.xerces.internal.dom.DeferredElementNSImpl
 382:            50            856  [Lsun.reflect.generics.tree.FormalTypeParameter;
 383:            35            840  java.util.regex.Pattern$Ctype
 384:            13            832  java.text.SimpleDateFormat
 385:            43            824  [Lsun.reflect.generics.tree.TypeSignature;
 386:            17            816  sun.security.util.ManifestEntryVerifier
 387:            12            808  [Lcom.sun.org.apache.xerces.internal.impl.xs.util.SimpleLocator;
 388:            25            800  com.sun.org.apache.xerces.internal.impl.xs.XSWildcardDecl
 389:            25            800  java.lang.ThreadLocal$ThreadLocalMap$Entry
 390:            20            800  java.util.concurrent.ConcurrentHashMap$ValueIterator
 391:            33            792  java.util.Date
 392:            14            784  sun.nio.cs.ISO_8859_1$Encoder
 393:            32            768  java.lang.ProcessEnvironment$Variable
 394:            32            768  sun.reflect.ByteVectorImpl
 395:            16            768  javassist.compiler.NoFieldException
 396:            19            760  com.sun.org.apache.xerces.internal.impl.xs.models.XSCMUniOp
 397:            30            720  java.util.regex.Pattern$Start
 398:            22            704  java.util.Stack
 399:            22            704  java.net.Inet4Address
 400:            29            696  java.util.concurrent.locks.AbstractQueuedSynchronizer$ConditionObject
 401:             7            688  [Lcom.sun.org.apache.xerces.internal.impl.xs.XSComplexTypeDecl;
 402:            17            680  com.sun.org.apache.xerces.internal.impl.validation.ValidationState
 403:             6            672  [Ljava.lang.StackTraceElement;
 404:            21            672  sun.util.locale.BaseLocale
 405:            28            672  javassist.ClassPathList
 406:            27            648  sun.reflect.Label$PatchInfo
 407:            20            640  sun.reflect.generics.reflectiveObjects.WildcardTypeImpl
 408:             6            640  [[Ljava.lang.String;
 409:             8            640  [Ljava.lang.ThreadLocal$ThreadLocalMap$Entry;
 410:            40            640  com.sun.org.apache.xerces.internal.util.AugmentationsImpl
 411:            16            640  org.jboss.netty.util.internal.ConcurrentHashMap$Segment
 412:            13            624  org.mortbay.util.StringMap
 413:            13            624  java.util.StringTokenizer
 414:            26            624  java.io.InputStreamReader
 415:            11            616  org.mortbay.io.View
 416:            38            608  java.util.Collections$UnmodifiableMap$UnmodifiableEntrySet
 417:            38            608  java.util.concurrent.locks.ReentrantLock
 418:            19            608  java.util.jar.Manifest$FastInputStream
 419:            18            576  java.security.Permissions
 420:            18            576  java.security.BasicPermissionCollection
 421:            18            576  java.io.ByteArrayInputStream
 422:             3            576  com.sun.org.apache.xerces.internal.impl.XMLDTDScannerImpl
 423:            24            576  org.springframework.beans.BeanWrapperImpl$PropertyTokenHolder
 424:             7            560  com.sun.org.apache.xerces.internal.impl.xs.models.XSDFACM
 425:            14            560  java.util.concurrent.ConcurrentHashMap$EntryIterator
 426:            14            560  javassist.ClassPool
 427:            14            560  sun.misc.Cleaner
 428:            35            560  [Ljava.beans.BeanInfo;
 429:            14            560  java.text.DigitList
 430:            14            560  com.sun.org.apache.xerces.internal.dom.DeferredTextImpl
 431:            35            560  java.util.TreeMap$Values
 432:            14            560  java.util.regex.Pattern$Loop
 433:            23            552  java.lang.ProcessEnvironment$Value
 434:             4            552  [Lorg.w3c.dom.Element;
 435:             4            552  [Lcom.sun.org.apache.xerces.internal.impl.xs.traversers.XSDocumentInfo;
 436:            23            552  java.util.Locale$LocaleKey
 437:            17            544  <compiledICHolderKlass>
 438:            22            528  sun.nio.ch.SocketOptionRegistry$RegistryKey
 439:             1            528  [Ljava.lang.Character;
 440:            13            520  sun.misc.FloatingDecimal
 441:             5            520  [Ljava.text.SimpleDateFormat;
 442:            32            512  $Proxy6
 443:            16            512  java.io.FileInputStream
 444:             8            512  sun.reflect.DelegatingClassLoader
 445:            21            504  java.util.Locale
 446:            21            504  java.lang.RuntimePermission
 447:            21            504  javassist.compiler.ast.AssignExpr
 448:            21            504  org.apache.commons.logging.impl.WeakHashtable$Referenced
 449:            21            504  org.apache.zookeeper.KeeperException$Code
 450:             8            488  [Lcom.sun.org.apache.xerces.internal.impl.xs.XSElementDecl;
 451:            20            480  org.apache.commons.logging.impl.Log4JLogger
 452:            20            480  java.net.InetSocketAddress
 453:            10            480  org.mortbay.jetty.HttpFields$Field
 454:            15            480  java.util.ResourceBundle$Control$1
 455:             3            480  com.sun.org.apache.xerces.internal.impl.xs.SchemaGrammar$BuiltinSchemaGrammar
 456:            20            480  sun.reflect.generics.tree.Wildcard
 457:            30            480  java.util.Collections$UnmodifiableSet
 458:            29            464  java.security.ProtectionDomain$Key
 459:            29            464  [Ljava.security.Principal;
 460:            19            456  java.util.jar.Manifest
 461:             3            456  [Lcom.sun.org.apache.xerces.internal.xs.XSTypeDefinition;
 462:             8            448  com.sun.org.apache.xerces.internal.impl.xs.XSDDescription
 463:            14            448  org.I0Itec.zkclient.ZkClient$1
 464:             7            448  org.springframework.beans.BeanWrapperImpl
 465:            14            448  org.apache.zookeeper.proto.CreateRequest
 466:             4            440  [Ljava.math.BigInteger;
 467:            27            432  java.util.regex.Pattern$BranchConn
 468:            18            432  java.text.DateFormat$Field
 469:            18            432  java.io.FilePermissionCollection
 470:             9            432  javassist.CtPrimitiveType
 471:             6            432  java.util.concurrent.ThreadPoolExecutor
 472:            13            416  org.springframework.core.io.ResourceEditor
 473:             4            416  com.sun.org.apache.xerces.internal.impl.dv.xs.AbstractDateTimeDV$DateTimeData
 474:            13            416  java.io.FileNotFoundException
 475:            26            416  java.lang.Float
 476:             4            416  [Lorg.apache.zookeeper.KeeperException$Code;
 477:            10            400  com.sun.org.apache.xerces.internal.impl.xpath.regex.RangeToken
 478:             4            392  [Ljava.net.URL;
 479:             7            392  sun.nio.cs.StreamEncoder
 480:             7            392  [Lorg.mortbay.jetty.servlet.ServletHandler$MruCache;
 481:            16            384  [Lorg.jboss.netty.util.internal.ConcurrentHashMap$HashEntry;
 482:            12            384  com.sun.org.apache.xerces.internal.impl.xs.SchemaNamespaceSupport
 483:            16            384  com.alibaba.dubbo.rpc.protocol.ProtocolFilterWrapper$1
 484:            12            384  com.sun.org.apache.xerces.internal.util.XMLResourceIdentifierImpl
 485:             2            384  com.sun.org.apache.xerces.internal.parsers.XIncludeAwareParserConfiguration
 486:            12            384  java.nio.DirectByteBuffer$Deallocator
 487:            16            384  javassist.compiler.ast.Pair
 488:            23            368  $Proxy3
 489:            23            368  com.sun.beans.TypeResolver
 490:             2            368  org.mortbay.jetty.Request
 491:             9            360  sun.misc.ProxyGenerator
 492:            15            360  org.apache.zookeeper.Environment$Entry
 493:            15            360  sun.nio.ch.OptionKey
 494:             2            352  com.sun.org.apache.xerces.internal.impl.dtd.XMLNSDTDValidator
 495:            22            352  java.util.jar.Attributes
 496:             6            336  java.nio.DirectLongBufferU
 497:             3            336  com.sun.org.apache.xerces.internal.impl.XMLEntityManager
 498:             3            336  sun.nio.ch.SocketChannelImpl
 499:            14            336  sun.nio.cs.Surrogate$Parser
 500:             3            336  org.mortbay.thread.QueuedThreadPool$PoolThread
 501:             3            336  [Ljava.io.File;
 502:            14            336  [Ljava.net.InetAddress;
 503:            14            336  javassist.ClassPoolTail
 504:             3            336  java.net.SocksSocketImpl
 505:            14            336  java.util.regex.Pattern$Prolog
 506:             6            336  com.alibaba.dubbo.common.bytecode.ClassGenerator
 507:             4            328  [D
 508:             2            320  com.sun.org.apache.xerces.internal.impl.xs.SchemaGrammar
 509:             4            320  org.apache.zookeeper.data.Stat
 510:            10            320  com.alibaba.dubbo.common.utils.NamedThreadFactory
 511:            10            320  java.util.LinkedHashMap$ValueIterator
 512:            20            320  org.apache.commons.logging.LogFactory$1
 513:             8            320  org.apache.zookeeper.KeeperException$NodeExistsException
 514:             9            320  [Lcom.sun.org.apache.xerces.internal.util.XMLAttributesImpl$Attribute;
 515:             1            320  com.sun.org.apache.xerces.internal.impl.xs.traversers.XSDHandler
 516:             4            320  [Ljava.util.concurrent.RunnableScheduledFuture;
 517:             4            320  java.util.concurrent.ScheduledThreadPoolExecutor
 518:            20            320  sun.reflect.Label
 519:            10            312  [Ljava.lang.annotation.ElementType;
 520:            13            312  [Ljavassist.CtConstructor;
 521:            13            312  org.apache.log4j.Level
 522:            19            304  java.util.Collections$UnmodifiableCollection
 523:            12            288  com.sun.org.apache.xerces.internal.impl.xpath.regex.Token$CharToken
 524:            12            288  java.util.regex.Pattern$Ques
 525:             9            288  sun.reflect.annotation.AnnotationType
 526:            12            288  java.util.concurrent.atomic.AtomicLong
 527:            18            288  $Proxy7
 528:             6            288  java.util.concurrent.LinkedBlockingQueue
 529:            18            288  com.alibaba.dubbo.common.utils.ConcurrentHashSet
 530:             8            288  [Ljava.lang.Boolean;
 531:             9            288  org.springframework.beans.propertyeditors.InputStreamEditor
 532:            18            288  [Ljava.security.CodeSigner;
 533:            18            288  java.util.jar.JarVerifier$3
 534:             9            288  org.springframework.beans.propertyeditors.FileEditor
 535:             6            288  java.io.BufferedWriter
 536:             9            288  java.lang.StringCoding$StringDecoder
 537:             9            288  org.springframework.beans.propertyeditors.URLEditor
 538:             9            288  org.springframework.beans.propertyeditors.ClassEditor
 539:             9            288  org.springframework.beans.propertyeditors.URIEditor
 540:             9            288  org.springframework.core.io.support.ResourceArrayPropertyEditor
 541:            12            288  sun.misc.MetaIndex
 542:            12            288  com.sun.org.apache.xerces.internal.dom.AttributeMap
 543:             2            288  com.sun.org.apache.xerces.internal.parsers.DOMParser
 544:            18            288  $Proxy4
 545:             3            288  com.sun.xml.internal.stream.Entity$ScannedEntity
 546:            18            288  java.util.LinkedHashSet
 547:            10            280  [Ljava.io.ObjectStreamField;
 548:             7            280  [Lcom.sun.org.apache.xerces.internal.impl.xs.models.XSCMLeaf;
 549:             1            280  com.alibaba.dubbo.config.ProviderConfig
 550:             7            280  java.util.concurrent.ConcurrentHashMap$KeyIterator
 551:            17            272  sun.misc.BASE64Decoder
 552:            11            264  java.net.StandardSocketOptions$StdSocketOption
 553:             8            256  org.springframework.beans.propertyeditors.CustomCollectionEditor
 554:             8            256  sun.reflect.MethodAccessorGenerator$1
 555:             8            256  org.I0Itec.zkclient.exception.ZkNodeExistsException
 556:             8            256  sun.reflect.generics.reflectiveObjects.TypeVariableImpl
 557:             8            256  java.io.CharArrayWriter
 558:             1            256  com.sun.org.apache.xerces.internal.impl.xs.XMLSchemaValidator
 559:             8            256  java.lang.OutOfMemoryError
 560:             8            256  org.apache.log4j.helpers.PatternParser$LiteralPatternConverter
 561:             8            256  java.util.TreeMap$EntryIterator
 562:             8            256  org.mortbay.jetty.servlet.ServletHandler$CachedChain
 563:             8            256  sun.misc.ProxyGenerator$PrimitiveTypeInfo
 564:             6            240  java.util.ServiceLoader$LazyIterator
 565:            10            240  java.util.concurrent.LinkedBlockingQueue$Node
 566:             7            240  [Ljava.nio.ByteBuffer;
 567:             2            240  org.apache.log4j.RollingCalendar
 568:             6            240  com.sun.org.apache.xerces.internal.xni.parser.XMLInputSource
 569:            10            240  com.alibaba.dubbo.config.spring.schema.DubboBeanDefinitionParser
 570:             1            240  org.mortbay.jetty.nio.SelectChannelConnector
 571:             5            240  java.util.concurrent.ThreadPoolExecutor$Worker
 572:            15            240  java.lang.ThreadLocal
 573:             1            232  com.alibaba.dubbo.config.spring.ServiceBean
 574:             7            224  sun.reflect.generics.repository.ClassRepository
 575:             1            224  com.alibaba.dubbo.config.spring.ReferenceBean
 576:            14            224  com.sun.org.apache.xerces.internal.utils.SecuritySupport$3
 577:             7            224  org.springframework.beans.factory.support.AbstractBeanFactory$1
 578:             7            224  org.springframework.beans.factory.support.AbstractAutowireCapableBeanFactory$1
 579:            14            224  org.apache.zookeeper.proto.CreateResponse
 580:             7            224  org.springframework.beans.factory.support.AbstractAutowireCapableBeanFactory$2
 581:             7            224  java.io.OutputStreamWriter
 582:             7            224  org.springframework.beans.factory.support.BeanDefinitionValueResolver
 583:             2            224  org.mortbay.jetty.HttpParser
 584:            14            224  javassist.ClassClassPath
 585:            14            224  javassist.LoaderClassPath
 586:             4            224  org.mortbay.io.View$CaseInsensitive
 587:             9            216  sun.reflect.annotation.AnnotationType$1
 588:             3            216  sun.nio.ch.EPollSelectorImpl
 589:             9            216  sun.misc.ProxyGenerator$ConstantPool
 590:             5            216  [Ljava.lang.Thread;
 591:             3            216  org.jboss.netty.channel.socket.nio.NioWorker
 592:             2            208  org.springframework.beans.factory.support.GenericBeanDefinition
 593:             2            208  org.mortbay.jetty.HttpConnection
 594:             1            200  com.sun.org.apache.xerces.internal.dom.DeferredDocumentImpl
 595:             1            200  [[B
 596:             5            200  com.sun.org.apache.xerces.internal.impl.XMLErrorReporter
 597:             5            200  java.util.PropertyResourceBundle
 598:             5            200  sun.nio.ch.SelectionKeyImpl
 599:             6            192  java.util.ServiceLoader
 600:             2            192  com.sun.org.apache.xerces.internal.impl.dtd.XMLDTDProcessor
 601:             8            192  java.lang.annotation.ElementType
 602:             6            192  com.sun.org.apache.xerces.internal.impl.xpath.regex.Token$ClosureToken
 603:             2            192  [Ljava.text.DateFormat$Field;
 604:             8            192  java.lang.ThreadLocal$ThreadLocalMap
 605:             8            192  java.math.RoundingMode
 606:             8            192  java.util.Collections$UnmodifiableRandomAccessList
 607:             2            192  org.mortbay.jetty.HttpGenerator
 608:             3            192  org.mortbay.io.nio.IndirectNIOBuffer
 609:             4            192  com.sun.org.apache.xerces.internal.impl.xs.SchemaGrammar$BuiltinAttrDecl
 610:             6            192  [Lcom.sun.org.apache.xerces.internal.impl.XMLEntityManager$CharacterBuffer;
 611:             8            192  sun.reflect.generics.tree.FormalTypeParameter
 612:             6            192  java.io.FileOutputStream
 613:             6            192  java.util.regex.Pattern$BnM
 614:             6            192  java.util.Random
 615:             5            184  [Lcom.sun.org.apache.xerces.internal.xs.ShortList;
 616:            11            176  com.sun.org.apache.xerces.internal.impl.xs.util.XInt
 617:             7            176  [Lsun.reflect.generics.tree.ClassTypeSignature;
 618:            11            176  java.util.TreeSet
 619:             1            176  com.alibaba.dubbo.config.ConsumerConfig
 620:             2            176  sun.nio.ch.ServerSocketChannelImpl
 621:             2            176  org.mortbay.jetty.servlet.PathMap
 622:             3            168  org.mortbay.util.MultiMap
 623:             7            168  org.springframework.beans.TypeConverterDelegate
 624:             7            168  org.springframework.beans.CachedIntrospectionResults
 625:             3            168  com.sun.org.apache.xerces.internal.impl.XMLEntityScanner
 626:             7            168  sun.reflect.generics.tree.ClassSignature
 627:             3            168  sun.nio.ch.EPollArrayWrapper
 628:             3            168  java.util.concurrent.ScheduledThreadPoolExecutor$ScheduledFutureTask
 629:             1            168  org.springframework.beans.factory.support.DefaultListableBeanFactory
 630:             3            168  sun.nio.ch.FileChannelImpl
 631:             4            160  java.util.Collections$SingletonMap
 632:             4            160  com.sun.org.apache.xerces.internal.impl.dtd.XMLSimpleType
 633:             5            160  java.util.concurrent.atomic.AtomicReferenceFieldUpdater$AtomicReferenceFieldUpdaterImpl
 634:             1            160  org.apache.zookeeper.ClientCnxn$SendThread
 635:             4            160  com.sun.org.apache.xerces.internal.impl.dtd.XMLEntityDecl
 636:             4            160  org.springframework.beans.propertyeditors.CustomBooleanEditor
 637:             4            160  org.mortbay.jetty.HttpFields
 638:            10            160  com.alibaba.dubbo.remoting.transport.netty.NettyHelper$DubboLogger
 639:            10            160  org.jboss.netty.logging.InternalLoggerFactory$1
 640:             2            160  java.net.URI
 641:             5            160  java.util.Collections$SynchronizedMap
 642:             5            160  org.springframework.beans.factory.xml.ParserContext
 643:             4            160  com.sun.org.apache.xerces.internal.util.XMLAttributesImpl
 644:             5            160  sun.util.LocaleServiceProviderPool
 645:             5            160  [Ljava.nio.channels.SelectionKey;
 646:             5            160  com.sun.org.apache.xerces.internal.util.NamespaceSupport
 647:             4            160  sun.nio.cs.ISO_8859_1$Decoder
 648:             5            160  java.lang.IllegalStateException
 649:             2            144  [Ljava.math.BigDecimal;
 650:             6            144  sun.misc.PerfCounter
 651:             6            144  java.util.ServiceLoader$1
 652:             9            144  org.springframework.core.io.DefaultResourceLoader
 653:             3            144  [Ljava.lang.ref.SoftReference;
 654:             2            144  com.sun.org.apache.xerces.internal.impl.xs.traversers.XSDocumentInfo
 655:             6            144  java.util.Collections$UnmodifiableList
 656:             3            144  com.sun.org.apache.xerces.internal.impl.XMLEntityManager$RewindableInputStream
 657:             9            144  $Proxy8
 658:             6            144  java.util.concurrent.CopyOnWriteArrayList
 659:             3            144  java.util.concurrent.locks.ReentrantReadWriteLock$NonfairSync
 660:             3            144  java.util.concurrent.FutureTask$Sync
 661:             6            144  org.apache.zookeeper.Watcher$Event$KeeperState
 662:             3            144  com.sun.org.apache.xerces.internal.impl.io.UTF8Reader
 663:             3            144  com.sun.org.apache.xerces.internal.util.XMLAttributesIteratorImpl
 664:             6            144  java.util.regex.Pattern$Dollar
 665:             6            144  sun.util.resources.LocaleData$1
 666:             9            144  java.util.Hashtable$EntrySet
 667:             2            144  org.apache.log4j.spi.LoggingEvent
 668:             3            144  com.sun.org.apache.xerces.internal.impl.XMLDocumentFragmentScannerImpl$ElementStack
 669:             6            144  com.sun.org.apache.xerces.internal.util.Status
 670:             6            144  org.jboss.netty.util.internal.LinkedTransferQueue
 671:             1            136  org.mortbay.thread.QueuedThreadPool
 672:             1            136  [Lcom.sun.org.apache.xerces.internal.impl.dv.xs.TypeValidator;
 673:             2            128  org.mortbay.jetty.nio.SelectChannelConnector$ConnectorEndPoint
 674:             4            128  org.mortbay.jetty.HttpFields$2
 675:             4            128  org.apache.zookeeper.CreateMode
 676:             1            128  com.alibaba.dubbo.config.ProtocolConfig
 677:             8            128  $Proxy1
 678:             8            128  sun.reflect.ClassDefiner$1
 679:             1            128  com.sun.org.apache.xerces.internal.impl.xs.opti.SchemaParsingConfig
 680:             4            128  org.springframework.beans.propertyeditors.CharacterEditor
 681:             4            128  org.apache.zookeeper.ZooKeeper$ChildWatchRegistration
 682:             2            128  java.io.ExpiringCache$1
 683:             4            128  org.apache.zookeeper.ZooKeeper$ExistsWatchRegistration
 684:             8            128  $Proxy2
 685:             8            128  java.lang.ClassLoader$3
 686:             4            128  sun.reflect.UnsafeQualifiedStaticObjectFieldAccessorImpl
 687:             2            128  com.sun.org.apache.xerces.internal.impl.xpath.regex.ParserForXMLSchema
 688:             4            128  java.lang.ClassLoader$NativeLibrary
 689:             2            128  com.sun.org.apache.xerces.internal.impl.xs.opti.SchemaDOM
 690:             4            128  sun.nio.ch.AllocatedNativeObject
 691:             2            128  com.sun.org.apache.xerces.internal.impl.xpath.regex.RegularExpression
 692:             4            128  org.apache.log4j.helpers.PatternParser$BasicPatternConverter
 693:             8            128  java.util.TreeMap$EntrySet
 694:             4            128  java.util.concurrent.ScheduledThreadPoolExecutor$DelayedWorkQueue
 695:             4            128  java.util.concurrent.SynchronousQueue
 696:             8            128  $Proxy0
 697:             2            128  org.mortbay.jetty.HttpURI
 698:             5            120  [Lcom.sun.org.apache.xerces.internal.impl.xs.XSGroupDecl;
 699:             3            120  com.sun.org.apache.xerces.internal.impl.XMLDocumentFragmentScannerImpl$ElementStack2
 700:             5            120  com.sun.org.apache.xerces.internal.impl.xs.traversers.LargeContainer
 701:             5            120  java.util.regex.Pattern$CharProperty$1
 702:             5            120  com.sun.org.apache.xerces.internal.impl.xs.traversers.XSDAbstractTraverser$FacetInfo
 703:             3            120  com.sun.org.apache.xerces.internal.impl.dtd.XMLDTDDescription
 704:             5            120  com.sun.org.apache.xerces.internal.impl.dv.xs.XSSimpleTypeDecl$ValidationContextImpl
 705:             3            120  sun.nio.ch.SocketAdaptor
 706:             5            120  org.apache.zookeeper.ZooKeeper$States
 707:             3            120  com.sun.org.apache.xerces.internal.impl.XMLEntityManager$CharacterBufferPool
 708:             1            120  org.apache.zookeeper.ClientCnxn$EventThread
 709:             1            120  org.mortbay.jetty.servlet.ServletHolder
 710:             3            120  sun.misc.URLClassPath
 711:             3            120  com.sun.org.apache.xerces.internal.impl.XMLVersionDetector
 712:             3            120  [[S
 713:             5            120  org.apache.zookeeper.Watcher$Event$EventType
 714:             3            120  com.sun.xml.internal.stream.XMLEntityStorage
 715:             3            120  sun.nio.ch.FileLockImpl
 716:             5            120  org.apache.commons.logging.impl.LogFactoryImpl$2
 717:             5            120  sun.util.LocaleServiceProviderPool$1
 718:             2            112  org.mortbay.jetty.Response
 719:             7            112  com.sun.org.apache.xerces.internal.utils.SecuritySupport$1
 720:             7            112  com.sun.org.apache.xerces.internal.utils.SecuritySupport$2
 721:             1            112  org.mortbay.jetty.servlet.ServletHandler
 722:             1            112  org.I0Itec.zkclient.ZkEventThread
 723:             1            112  org.mortbay.jetty.Server$ShutdownHookThread
 724:             1            104  com.sun.org.apache.xerces.internal.impl.xs.XMLSchemaLoader
 725:             1            104  org.springframework.context.support.ClassPathXmlApplicationContext
 726:             1            104  java.lang.ref.Reference$ReferenceHandler
 727:             1            104  com.alibaba.dubbo.config.RegistryConfig
 728:             1            104  java.lang.ref.Finalizer$FinalizerThread
 729:             1            104  org.apache.zookeeper.ClientCnxn
 730:             1            104  org.mortbay.io.nio.SelectorManager$SelectSet
 731:             1             96  com.sun.org.apache.xerces.internal.impl.xs.traversers.XSDComplexTypeTraverser
 732:             2             96  com.sun.org.apache.xerces.internal.xni.parser.XMLConfigurationException
 733:             4             96  org.mortbay.io.BufferCache
 734:             2             96  org.mortbay.thread.Timeout$Task
 735:             3             96  sun.nio.ch.FileKey
 736:             4             96  javassist.compiler.ast.CondExpr
 737:             3             96  sun.nio.ch.SharedFileLockTable$FileLockReference
 738:             4             96  org.I0Itec.zkclient.ZkClient$2
 739:             3             96  java.io.RandomAccessFile
 740:             4             96  org.apache.zookeeper.proto.GetChildrenRequest
 741:             6             96  sun.reflect.generics.tree.TypeVariableSignature
 742:             2             96  org.mortbay.io.nio.SelectChannelEndPoint$IdleTask
 743:             3             96  sun.nio.fs.UnixPath
 744:             6             96  sun.security.action.LoadLibraryAction
 745:             3             96  com.sun.org.apache.xerces.internal.impl.XMLNSDocumentScannerImpl$NSContentDriver
 746:             6             96  java.util.concurrent.CopyOnWriteArraySet
 747:             6             96  java.util.concurrent.atomic.AtomicBoolean
 748:             4             96  javassist.CtArray
 749:             4             96  com.sun.org.apache.xerces.internal.impl.xpath.regex.Token$ParenToken
 750:             2             96  org.apache.log4j.helpers.PatternParser
 751:             4             96  org.jboss.netty.channel.ChannelState
 752:             3             96  [Lorg.jboss.netty.channel.ChannelState;
 753:             6             96  java.util.concurrent.ConcurrentHashMap$Values
 754:             4             96  com.sun.org.apache.xerces.internal.impl.xpath.regex.Token$UnionToken
 755:             2             96  java.lang.ThreadGroup
 756:             1             96  org.mortbay.jetty.Server
 757:             2             96  com.sun.org.apache.xerces.internal.jaxp.DocumentBuilderImpl
 758:             3             96  com.alibaba.dubbo.container.page.Page
 759:             4             96  com.alibaba.dubbo.remoting.zookeeper.zkclient.ZkclientZookeeperClient$2
 760:             3             96  sun.misc.URLClassPath$FileLoader$1
 761:             4             96  [Lorg.mortbay.jetty.servlet.ServletHolder;
 762:             4             96  org.I0Itec.zkclient.ZkClient$12
 763:             2             96  java.io.PrintWriter
 764:             4             96  org.I0Itec.zkclient.ZkClient$3
 765:             1             96  com.alibaba.dubbo.registry.zookeeper.ZookeeperRegistry
 766:             1             96  org.apache.log4j.DailyRollingFileAppender
 767:             4             96  org.springframework.core.io.support.PathMatchingResourcePatternResolver
 768:             4             96  org.apache.zookeeper.proto.ExistsRequest
 769:             4             96  org.springframework.beans.factory.config.TypedStringValue
 770:             1             96  [Lcom.sun.org.apache.xerces.internal.impl.xpath.regex.RegularExpression;
 771:             2             96  java.net.NetworkInterface
 772:             6             96  sun.reflect.BootstrapConstructorAccessorImpl
 773:             3             96  org.xml.sax.InputSource
 774:             3             96  [[Lorg.mortbay.io.Buffer;
 775:             3             96  com.alibaba.dubbo.rpc.proxy.javassist.JavassistProxyFactory$1
 776:             6             96  java.util.concurrent.ConcurrentHashMap$EntrySet
 777:             1             88  org.mortbay.jetty.nio.SelectChannelConnector$1
 778:             1             88  org.springframework.beans.factory.xml.XmlBeanDefinitionReader
 779:             1             88  org.mortbay.io.BufferDateCache
 780:             2             80  org.mortbay.thread.Timeout
 781:             2             80  [F
 782:             2             80  org.mortbay.util.MultiException
 783:             2             80  java.io.ExpiringCache
 784:             5             80  java.util.regex.Pattern$Dot
 785:             1             80  sun.misc.Launcher$ExtClassLoader
 786:             1             80  org.mortbay.jetty.servlet.FilterHolder
 787:             2             80  org.apache.log4j.helpers.PatternParser$LocationPatternConverter
 788:             2             80  java.util.Locale$Category
 789:             5             80  java.util.concurrent.ConcurrentHashMap$KeySet
 790:             2             80  [Lorg.apache.zookeeper.Watcher$Event$EventType;
 791:             1             80  com.sun.org.apache.xerces.internal.impl.xs.opti.SchemaDOMParser
 792:             2             80  org.springframework.beans.propertyeditors.StringArrayPropertyEditor
 793:             5             80  java.lang.Class$3
 794:             1             80  sun.misc.Launcher$AppClassLoader
 795:             5             80  java.nio.channels.spi.AbstractInterruptibleChannel$1
 796:             1             80  [Lorg.jboss.netty.util.internal.ConcurrentHashMap$Segment;
 797:             3             72  java.net.InetAddress$CacheEntry
 798:             3             72  sun.nio.ch.SharedFileLockTable
 799:             3             72  java.lang.annotation.RetentionPolicy
 800:             1             72  com.alibaba.dubbo.remoting.transport.netty.NettyServer
 801:             3             72  sun.nio.ch.Util$BufferCache
 802:             3             72  javax.xml.parsers.SecuritySupport$2
 803:             3             72  org.apache.commons.logging.LogFactory$6
 804:             3             72  org.apache.zookeeper.data.ACL
 805:             1             72  org.springframework.beans.factory.config.PropertyPlaceholderConfigurer
 806:             3             72  java.util.Collections$SingletonList
 807:             3             72  [Lcom.sun.org.apache.xerces.internal.impl.xs.XSAnnotationImpl;
 808:             3             72  java.util.Collections$1
 809:             3             72  org.jboss.netty.channel.socket.nio.SocketSendBufferPool
 810:             1             72  org.mortbay.io.nio.DirectNIOBuffer
 811:             3             72  java.util.concurrent.locks.ReentrantReadWriteLock
 812:             3             72  com.alibaba.dubbo.registry.support.AbstractRegistry$SaveProperties
 813:             3             72  org.jboss.netty.channel.socket.nio.SocketSendBufferPool$Preallocation
 814:             3             72  java.net.Proxy$Type
 815:             3             72  javassist.bytecode.DoubleInfo
 816:             3             72  com.sun.org.apache.xerces.internal.util.SymbolTable
 817:             3             72  sun.misc.Signal
 818:             3             72  java.util.concurrent.Executors$RunnableAdapter
 819:             3             72  com.sun.org.apache.xerces.internal.impl.validation.ValidationManager
 820:             3             72  [Lorg.springframework.core.io.Resource;
 821:             3             72  org.springframework.core.io.ClassPathResource
 822:             3             72  com.sun.org.apache.xerces.internal.impl.xs.XSMessageFormatter
 823:             3             72  sun.nio.ch.NativeThreadSet
 824:             3             72  com.sun.org.apache.xerces.internal.impl.msg.XMLMessageFormatter
 825:             1             72  com.alibaba.dubbo.common.utils.LRUCache
 826:             3             72  java.lang.Class$4
 827:             2             64  com.sun.org.apache.xerces.internal.impl.dtd.XMLElementDecl
 828:             2             64  com.sun.org.apache.xerces.internal.impl.xs.XSGroupDecl
 829:             2             64  sun.nio.ch.ServerSocketAdaptor
 830:             2             64  org.springframework.beans.propertyeditors.CustomMapEditor
 831:             2             64  [Ljava.lang.annotation.RetentionPolicy;
 832:             2             64  org.springframework.beans.factory.parsing.BeanComponentDefinition
 833:             2             64  java.util.TreeMap$KeyIterator
 834:             2             64  org.mortbay.jetty.servlet.PathMap$Entry
 835:             2             64  com.sun.org.apache.xerces.internal.dom.NodeListCache
 836:             4             64  java.lang.Boolean
 837:             1             64  com.alibaba.dubbo.config.ApplicationConfig
 838:             2             64  sun.util.ResourceBundleEnumeration
 839:             4             64  org.apache.zookeeper.proto.GetChildrenResponse
 840:             2             64  org.springframework.beans.factory.support.DisposableBeanAdapter
 841:             4             64  org.apache.jute.BinaryInputArchive$BinaryIndex
 842:             1             64  org.apache.commons.logging.impl.WeakHashtable
 843:             1             64  java.util.ResourceBundle$RBClassLoader
 844:             2             64  java.io.PrintStream
 845:             1             64  com.sun.org.apache.xerces.internal.impl.xs.SchemaGrammar$XSAnyType
 846:             2             64  java.lang.NoClassDefFoundError
 847:             1             64  java.io.LineNumberReader
 848:             2             64  java.lang.VirtualMachineError
 849:             2             64  org.mortbay.util.Utf8StringBuffer
 850:             1             64  org.jboss.netty.channel.socket.nio.NioServerSocketChannel
 851:             2             64  java.lang.ref.ReferenceQueue$Null
 852:             4             64  org.springframework.core.OrderComparator
 853:             2             64  org.jboss.netty.channel.DefaultChannelPipeline
 854:             4             64  java.util.regex.Pattern$Begin
 855:             2             64  com.sun.org.apache.xerces.internal.impl.xs.models.CMNodeFactory
 856:             4             64  org.springframework.beans.factory.parsing.PropertyEntry
 857:             2             64  java.net.URI$Parser
 858:             4             64  sun.net.www.protocol.jar.Handler
 859:             2             64  org.springframework.beans.propertyeditors.ClassArrayEditor
 860:             1             64  com.sun.org.apache.xerces.internal.impl.xs.ElementPSVImpl
 861:             2             64  org.springframework.beans.propertyeditors.PatternEditor
 862:             4             64  org.apache.zookeeper.proto.SetDataResponse
 863:             2             64  java.lang.NumberFormatException
 864:             2             64  sun.util.locale.UnicodeLocaleExtension
 865:             4             64  java.util.concurrent.SynchronousQueue$TransferStack
 866:             4             64  org.springframework.util.AntPathMatcher
 867:             3             56  [Ljava.net.NetworkInterface;
 868:             1             56  [Lcom.sun.org.apache.xerces.internal.impl.xs.util.XInt;
 869:             1             56  [Lcom.sun.org.apache.xerces.internal.impl.dv.XSSimpleType;
 870:             1             56  org.I0Itec.zkclient.ZkClient
 871:             1             56  javassist.compiler.KeywordTable
 872:             1             56  java.text.DateFormatSymbols
 873:             1             56  org.mortbay.jetty.HttpConnection$Output
 874:             1             56  com.alibaba.dubbo.rpc.StaticContext
 875:             3             48  com.alibaba.dubbo.rpc.protocol.ProtocolFilterWrapper
 876:             2             48  [Ljava.net.InterfaceAddress;
 877:             2             48  com.alibaba.dubbo.rpc.listener.ListenerExporterWrapper
 878:             3             48  com.alibaba.dubbo.rpc.protocol.ProtocolListenerWrapper
 879:             2             48  org.springframework.beans.factory.config.BeanDefinitionHolder
 880:             3             48  com.sun.org.apache.xerces.internal.impl.XMLDocumentScannerImpl$PrologDriver
 881:             2             48  com.sun.org.apache.xerces.internal.impl.dtd.XMLAttributeDecl
 882:             3             48  sun.security.action.GetBooleanAction
 883:             1             48  sun.nio.ch.IOVecWrapper
 884:             3             48  com.sun.org.apache.xerces.internal.impl.XMLDocumentScannerImpl$TrailingMiscDriver
 885:             2             48  org.springframework.beans.propertyeditors.ByteArrayPropertyEditor
 886:             2             48  com.sun.org.apache.xerces.internal.impl.dtd.DTDGrammarBucket
 887:             2             48  com.sun.org.apache.xerces.internal.impl.xs.traversers.XSDAbstractParticleTraverser$ParticleArray
 888:             1             48  [Ljava.util.HashMap;
 889:             2             48  org.springframework.beans.propertyeditors.CharArrayPropertyEditor
 890:             2             48  org.mortbay.jetty.HttpConnection$RequestHandler
 891:             2             48  java.util.regex.Pattern$7
 892:             2             48  org.apache.zookeeper.data.Id
 893:             2             48  org.springframework.core.NamedThreadLocal
 894:             3             48  com.sun.org.apache.xerces.internal.impl.dv.xs.SchemaDVFactoryImpl
 895:             2             48  java.net.InetAddress$Cache
 896:             3             48  java.text.AttributedCharacterIterator$Attribute
 897:             2             48  java.net.InetAddress$Cache$Type
 898:             1             48  com.sun.org.apache.xerces.internal.impl.xs.traversers.XSDElementTraverser
 899:             2             48  java.util.BitSet
 900:             1             48  org.mortbay.jetty.HttpConnection$OutputWriter
 901:             3             48  sun.nio.ch.Util$2
 902:             2             48  com.sun.org.apache.xerces.internal.impl.xs.opti.SchemaDOMParser$BooleanStack
 903:             2             48  sun.misc.URLClassPath$FileLoader
 904:             1             48  org.mortbay.jetty.HttpConnection$1
 905:             2             48  org.jboss.netty.channel.UpstreamChannelStateEvent
 906:             1             48  org.apache.log4j.Hierarchy
 907:             3             48  org.jboss.netty.channel.socket.nio.SocketReceiveBufferPool
 908:             1             48  org.jboss.netty.channel.AbstractChannel$ChannelCloseFuture
 909:             3             48  org.mortbay.thread.QueuedThreadPool$Lock
 910:             2             48  javax.xml.parsers.SecuritySupport$4
 911:             3             48  com.sun.org.apache.xerces.internal.dom.DeferredDocumentImpl$RefCount
 912:             1             48  org.springframework.beans.factory.xml.DocumentDefaultsDefinition
 913:             1             48  [Lcom.sun.org.apache.xerces.internal.impl.xs.XSNotationDecl;
 914:             1             48  [Lcom.sun.org.apache.xerces.internal.impl.xs.models.XSCMValidator;
 915:             1             48  [Ljava.math.RoundingMode;
 916:             3             48  sun.nio.ch.FileDispatcherImpl
 917:             1             48  org.mortbay.util.ByteArrayISO8859Writer
 918:             1             48  com.alibaba.dubbo.rpc.protocol.dubbo.DubboProtocol
 919:             2             48  com.sun.org.apache.xerces.internal.impl.xs.util.ShortListImpl
 920:             1             48  [Ljava.util.concurrent.TimeUnit;
 921:             3             48  com.sun.org.apache.xerces.internal.impl.dv.dtd.DTDDVFactoryImpl
 922:             2             48  org.springframework.core.io.UrlResource
 923:             3             48  sun.reflect.ReflectionFactory$GetReflectionFactoryAction
 924:             2             48  java.io.BufferedOutputStream
 925:             1             48  com.sun.org.apache.xerces.internal.impl.xs.traversers.XSDGroupTraverser
 926:             2             48  java.util.Vector$1
 927:             2             48  java.nio.charset.CoderResult
 928:             2             48  com.sun.org.apache.xerces.internal.impl.xs.XMLSchemaLoader$LocationArray
 929:             3             48  com.sun.org.apache.xerces.internal.impl.dv.dtd.ListDatatypeValidator
 930:             3             48  java.util.concurrent.locks.ReentrantReadWriteLock$Sync$ThreadLocalHoldCounter
 931:             2             48  [Ljava.util.Locale$Category;
 932:             2             48  sun.misc.NativeSignalHandler
 933:             3             48  java.util.concurrent.locks.ReentrantReadWriteLock$ReadLock
 934:             3             48  java.util.concurrent.locks.ReentrantReadWriteLock$WriteLock
 935:             2             48  org.springframework.beans.propertyeditors.CharsetEditor
 936:             3             48  java.nio.charset.CodingErrorAction
 937:             2             48  org.apache.log4j.helpers.FormattingInfo
 938:             1             48  com.alibaba.dubbo.monitor.simple.RegistryContainer
 939:             1             48  org.jboss.netty.util.internal.ConcurrentHashMap
 940:             2             48  com.alibaba.dubbo.registry.zookeeper.ZookeeperRegistry$3
 941:             1             48  org.apache.commons.logging.impl.LogFactoryImpl
 942:             2             48  org.springframework.beans.propertyeditors.LocaleEditor
 943:             2             48  sun.util.locale.LocaleExtensions
 944:             2             48  java.net.StandardProtocolFamily
 945:             2             48  org.springframework.context.event.SimpleApplicationEventMulticaster$1
 946:             2             48  org.apache.log4j.config.PropertySetter
 947:             1             48  com.sun.org.apache.xerces.internal.impl.xs.traversers.XSDSimpleTypeTraverser
 948:             2             48  org.springframework.beans.propertyeditors.PropertiesEditor
 949:             3             48  org.mortbay.jetty.AbstractBuffers$ThreadBuffers
 950:             2             48  java.io.FileReader
 951:             2             48  org.springframework.core.Constants
 952:             3             48  java.nio.channels.spi.AbstractSelector$1
 953:             2             48  java.net.InterfaceAddress
 954:             2             48  com.sun.org.apache.xerces.internal.impl.xs.traversers.XSDHandler$XSDKey
 955:             3             48  com.sun.org.apache.xerces.internal.impl.XMLDocumentScannerImpl$XMLDeclDriver
 956:             1             40  sun.util.resources.TimeZoneNames_en
 957:             1             40  com.sun.org.apache.xerces.internal.impl.xs.traversers.XSDWildcardTraverser
 958:             1             40  org.apache.zookeeper.proto.ConnectRequest
 959:             1             40  com.alibaba.dubbo.remoting.zookeeper.zkclient.ZkclientZookeeperClient
 960:             1             40  com.alibaba.dubbo.remoting.exchange.support.header.HeaderExchangeServer
 961:             1             40  org.apache.log4j.spi.RootLogger
 962:             1             40  com.sun.org.apache.xerces.internal.dom.DeferredCommentImpl
 963:             1             40  com.alibaba.dubbo.registry.integration.RegistryProtocol
 964:             1             40  org.jboss.netty.channel.DefaultChannelPipeline$DefaultChannelHandlerContext
 965:             1             40  sun.text.resources.FormatData
 966:             1             40  org.jboss.netty.channel.DefaultChannelFuture
 967:             1             40  sun.text.resources.FormatData_en
 968:             1             40  java.util.ResourceBundle$1
 969:             1             40  org.springframework.beans.factory.xml.XmlReaderContext
 970:             1             40  sun.text.resources.FormatData_en_US
 971:             1             40  com.sun.org.apache.xerces.internal.jaxp.DocumentBuilderFactoryImpl
 972:             1             40  com.sun.org.apache.xerces.internal.impl.xs.traversers.XSDAttributeGroupTraverser
 973:             1             40  sun.util.resources.CurrencyNames
 974:             1             40  org.apache.log4j.helpers.PatternParser$ClassNamePatternConverter
 975:             1             40  sun.util.resources.CurrencyNames_en_US
 976:             1             40  com.alibaba.dubbo.monitor.simple.SimpleMonitorService
 977:             1             40  [Lorg.apache.zookeeper.ZooKeeper$States;
 978:             1             40  com.alibaba.dubbo.registry.integration.RegistryProtocol$1
 979:             1             40  org.apache.log4j.helpers.PatternParser$DatePatternConverter
 980:             1             40  com.sun.org.apache.xerces.internal.impl.xs.traversers.XSDAttributeTraverser
 981:             1             40  [Lorg.apache.zookeeper.Watcher$Event$KeeperState;
 982:             1             40  com.sun.org.apache.xerces.internal.impl.xs.traversers.XSDKeyrefTraverser
 983:             1             40  com.sun.org.apache.xerces.internal.impl.xs.XMLSchemaValidator$ValueStoreCache
 984:             1             40  sun.util.resources.CalendarData
 985:             1             40  com.sun.xml.internal.stream.util.BufferAllocator
 986:             1             40  com.sun.org.apache.xerces.internal.impl.xs.traversers.XSDNotationTraverser
 987:             1             40  sun.util.resources.CalendarData_en
 988:             1             40  sun.nio.cs.StandardCharsets$Aliases
 989:             1             40  sun.nio.cs.StandardCharsets$Classes
 990:             1             40  com.sun.org.apache.xerces.internal.impl.xs.traversers.XSAttributeChecker
 991:             1             40  sun.nio.cs.StandardCharsets$Cache
 992:             1             40  [Lcom.sun.org.apache.xerces.internal.util.Status;
 993:             1             40  java.util.IdentityHashMap
 994:             1             40  sun.util.resources.TimeZoneNames
 995:             1             40  com.sun.org.apache.xerces.internal.impl.xs.traversers.XSDUniqueOrKeyTraverser
 996:             1             32  org.jboss.netty.util.internal.ConcurrentHashMap$HashEntry
 997:             1             32  java.beans.ThreadGroupContext
 998:             2             32  [Ljava.lang.annotation.Annotation;
 999:             1             32  java.io.UnixFileSystem
1000:             1             32  [Lorg.apache.zookeeper.CreateMode;
1001:             1             32  java.lang.Throwable
1002:             1             32  sun.nio.fs.NativeBuffer
1003:             1             32  java.net.NetworkInterface$1checkedAddresses
1004:             2             32  java.util.TreeMap$KeySet
1005:             1             32  [Ljava.lang.ThreadGroup;
1006:             1             32  java.lang.Exception
1007:             1             32  com.sun.beans.finder.BeanInfoFinder
1008:             1             32  [Lsun.nio.fs.NativeBuffer;
1009:             2             32  com.sun.org.apache.xerces.internal.jaxp.DefaultValidationErrorHandler
1010:             1             32  org.jboss.netty.bootstrap.ServerBootstrap$Binder
1011:             2             32  [Lorg.springframework.beans.factory.config.BeanDefinition;
1012:             1             32  org.springframework.beans.factory.xml.DefaultNamespaceHandlerResolver
1013:             2             32  [Lorg.springframework.beans.factory.config.BeanReference;
1014:             1             32  com.alibaba.dubbo.rpc.protocol.injvm.InjvmExporter
1015:             1             32  java.util.RegularEnumSet
1016:             1             32  java.lang.NoSuchMethodError
1017:             1             32  org.springframework.context.support.DelegatingMessageSource
1018:             1             32  org.apache.log4j.PatternLayout
1019:             2             32  org.jboss.netty.buffer.HeapChannelBufferFactory
1020:             2             32  com.sun.org.apache.xerces.internal.util.ErrorHandlerWrapper
1021:             1             32  java.util.RegularEnumSet$EnumSetIterator
1022:             2             32  java.nio.ByteOrder
1023:             1             32  java.util.concurrent.atomic.AtomicIntegerFieldUpdater$AtomicIntegerFieldUpdaterImpl
1024:             1             32  com.sun.org.apache.xerces.internal.impl.XMLEntityScanner$1
1025:             2             32  org.springframework.beans.factory.parsing.BeanEntry
1026:             1             32  [Lcom.sun.org.apache.xerces.internal.impl.dv.xs.XSSimpleTypeDecl;
1027:             2             32  javax.xml.parsers.SecuritySupport$1
1028:             2             32  sun.nio.ch.SocketDispatcher
1029:             1             32  [Lcom.sun.org.apache.xerces.internal.impl.dv.xs.AbstractDateTimeDV$DateTimeData;
1030:             2             32  com.sun.org.apache.xerces.internal.utils.SecuritySupport$4
1031:             1             32  com.sun.org.apache.xerces.internal.util.ParserConfigurationSettings
1032:             1             32  sun.net.spi.DefaultProxySelector$2
1033:             2             32  com.sun.org.apache.xerces.internal.impl.dv.xs.QNameDV
1034:             1             32  java.text.DontCareFieldPosition
1035:             1             32  com.alibaba.dubbo.container.page.PageServlet
1036:             1             32  org.apache.commons.logging.impl.WeakHashtable$WeakKey
1037:             1             32  org.jboss.netty.channel.DownstreamChannelStateEvent
1038:             1             32  [Ljava.net.Proxy$Type;
1039:             1             32  org.apache.zookeeper.ZooKeeper$ZKWatchManager
1040:             1             32  [Lcom.sun.org.apache.xerces.internal.impl.xs.identity.XPathMatcher;
1041:             1             32  sun.nio.cs.StandardCharsets
1042:             1             32  java.lang.NullPointerException
1043:             2             32  com.sun.org.apache.xerces.internal.impl.dv.dtd.ENTITYDatatypeValidator
1044:             1             32  org.I0Itec.zkclient.ZkConnection
1045:             1             32  com.alibaba.dubbo.rpc.protocol.dubbo.DubboExporter
1046:             1             32  java.lang.ArithmeticException
1047:             1             32  org.springframework.beans.factory.support.FactoryBeanRegistrySupport$1
1048:             1             32  org.apache.zookeeper.proto.ConnectResponse
1049:             1             32  [Ljava.lang.OutOfMemoryError;
1050:             1             32  org.I0Itec.zkclient.ZkLock
1051:             2             32  org.apache.log4j.DefaultCategoryFactory
1052:             2             32  java.lang.Shutdown$Lock
1053:             1             32  [Lorg.jboss.netty.channel.socket.nio.NioWorker;
1054:             1             32  org.jboss.netty.channel.socket.DefaultServerSocketChannelConfig
1055:             2             32  com.sun.beans.WeakCache
1056:             1             32  sun.nio.fs.LinuxFileSystem
1057:             1             32  org.jboss.netty.bootstrap.ServerBootstrap
1058:             1             32  com.sun.org.apache.xerces.internal.impl.xs.models.CMBuilder
1059:             1             32  org.springframework.beans.factory.xml.BeanDefinitionParserDelegate
1060:             1             32  org.apache.log4j.helpers.QuietWriter
1061:             1             32  org.mortbay.jetty.EofException
1062:             1             32  org.mortbay.jetty.servlet.FilterMapping
1063:             1             32  com.sun.org.apache.xerces.internal.impl.xs.XMLSchemaValidator$XSIErrorReporter
1064:             1             32  com.alibaba.dubbo.rpc.RpcInvocation
1065:             1             32  java.net.Socket
1066:             2             32  com.sun.org.apache.xerces.internal.impl.xpath.regex.Token
1067:             2             32  sun.reflect.ReflectionFactory$1
1068:             1             24  com.alibaba.dubbo.registry.zookeeper.ZookeeperRegistry$2
1069:             1             24  java.net.NetworkInterface$1
1070:             1             24  com.alibaba.dubbo.remoting.transport.netty.NettyServer$1
1071:             1             24  java.util.Currency
1072:             1             24  java.util.ResourceBundle$Control$CandidateListCache
1073:             1             24  org.springframework.beans.factory.config.RuntimeBeanReference
1074:             1             24  sun.nio.fs.NativeBuffer$Deallocator
1075:             1             24  org.apache.zookeeper.ZooKeeper
1076:             1             24  com.alibaba.dubbo.rpc.filter.AccessLogFilter
1077:             1             24  com.alibaba.dubbo.monitor.support.MonitorFilter
1078:             1             24  org.springframework.context.support.AbstractApplicationContext$BeanPostProcessorChecker
1079:             1             24  [Lorg.mortbay.jetty.Connector;
1080:             1             24  [Ljava.util.ArrayList;
1081:             1             24  com.sun.org.apache.xerces.internal.impl.xs.XSGrammarBucket
1082:             1             24  com.alibaba.dubbo.rpc.protocol.injvm.InjvmProtocol
1083:             1             24  java.util.concurrent.TimeUnit$1
1084:             1             24  [Lcom.alibaba.dubbo.remoting.ChannelHandler;
1085:             1             24  java.util.Locale$Cache
1086:             1             24  org.apache.log4j.PropertyConfigurator
1087:             1             24  org.springframework.beans.factory.xml.ResourceEntityResolver
1088:             1             24  org.apache.log4j.helpers.OnlyOnceErrorHandler
1089:             1             24  org.mortbay.jetty.AbstractConnector$Acceptor
1090:             1             24  java.util.concurrent.TimeUnit$2
1091:             1             24  com.alibaba.dubbo.common.threadpool.support.AbortPolicyWithReport
1092:             1             24  org.jboss.netty.channel.socket.nio.NioServerSocketPipelineSink
1093:             1             24  org.mortbay.jetty.HttpHeaders
1094:             1             24  com.sun.org.apache.xerces.internal.impl.xs.SubstitutionGroupHandler
1095:             1             24  sun.misc.JarIndex
1096:             1             24  com.alibaba.dubbo.rpc.protocol.dubbo.DubboProtocol$1
1097:             1             24  java.util.concurrent.TimeUnit$3
1098:             1             24  sun.launcher.LauncherHelper
1099:             1             24  [Ljava.net.InetAddress$Cache$Type;
1100:             1             24  java.util.Collections$EmptyMap
1101:             1             24  org.springframework.context.event.ContextStartedEvent
1102:             1             24  javax.xml.parsers.SecuritySupport$5
1103:             1             24  java.util.concurrent.TimeUnit$4
1104:             1             24  com.sun.org.apache.xerces.internal.util.SecurityManager
1105:             1             24  org.springframework.beans.factory.xml.PluggableSchemaResolver
1106:             1             24  com.alibaba.dubbo.config.spring.schema.DubboNamespaceHandler
1107:             1             24  [Lsun.launcher.LauncherHelper;
1108:             1             24  java.util.Collections$SetFromMap
1109:             1             24  com.alibaba.dubbo.container.page.ResourceFilter
1110:             1             24  org.springframework.context.event.SimpleApplicationEventMulticaster
1111:             1             24  java.util.concurrent.TimeUnit$5
1112:             1             24  java.net.Inet4AddressImpl
1113:             1             24  com.sun.org.apache.xerces.internal.impl.dv.xs.ListDV$ListData
1114:             1             24  com.sun.org.apache.xerces.internal.dom.DeferredDocumentImpl$IntVector
1115:             1             24  java.util.concurrent.TimeUnit$6
1116:             1             24  sun.util.locale.BaseLocale$Cache
1117:             1             24  org.mortbay.jetty.HttpHeaderValues
1118:             1             24  com.sun.org.apache.xerces.internal.impl.xs.XMLSchemaValidator$XPathMatcherStack
1119:             1             24  java.lang.ProcessEnvironment$StringEnvironment
1120:             1             24  java.lang.reflect.ReflectPermission
1121:             1             24  java.util.concurrent.TimeUnit$7
1122:             1             24  java.net.Proxy
1123:             1             24  sun.nio.cs.US_ASCII
1124:             1             24  org.apache.commons.logging.LogFactory$4
1125:             1             24  com.sun.org.apache.xerces.internal.impl.Constants$ArrayEnumeration
1126:             1             24  org.apache.commons.logging.LogFactory$3
1127:             1             24  org.apache.log4j.helpers.ISO8601DateFormat
1128:             1             24  sun.nio.cs.ISO_8859_1
1129:             1             24  com.alibaba.dubbo.registry.integration.RegistryProtocol$InvokerDelegete
1130:             1             24  org.apache.commons.logging.LogFactory$2
1131:             1             24  org.jboss.netty.util.ThreadRenamingRunnable
1132:             1             24  sun.nio.cs.UTF_16BE
1133:             1             24  com.sun.org.apache.xerces.internal.util.IntStack
1134:             1             24  com.alibaba.dubbo.registry.integration.RegistryProtocol$ExporterChangeableWrapper
1135:             1             24  sun.nio.cs.UTF_16LE
1136:             1             24  org.springframework.beans.factory.xml.DefaultBeanDefinitionDocumentReader
1137:             1             24  sun.nio.cs.UTF_16
1138:             1             24  org.mortbay.util.ByteArrayOutputStream2
1139:             1             24  sun.management.VMManagementImpl
1140:             1             24  org.apache.zookeeper.ClientCnxn$WatcherSetEventPair
1141:             1             24  sun.net.sdp.SdpProvider
1142:             1             24  com.alibaba.dubbo.remoting.transport.dispatcher.all.AllChannelHandler
1143:             1             24  org.jboss.netty.channel.socket.nio.NioServerSocketPipelineSink$Boss
1144:             1             24  org.mortbay.jetty.servlet.ServletMapping
1145:             1             24  com.sun.org.apache.xerces.internal.impl.xs.XMLSchemaValidator$LocalIDKey
1146:             1             24  [Lorg.mortbay.jetty.servlet.ServletMapping;
1147:             1             24  org.apache.zookeeper.WatchedEvent
1148:             1             24  org.mortbay.jetty.AbstractBuffers$1
1149:             1             24  [Lcom.sun.org.apache.xerces.internal.impl.xs.SchemaGrammar;
1150:             1             24  sun.net.ProgressMonitor
1151:             1             24  com.alibaba.dubbo.registry.integration.RegistryProtocol$OverrideListener
1152:             1             24  com.alibaba.dubbo.rpc.proxy.wrapper.StubProxyFactoryWrapper
1153:             1             24  org.springframework.context.event.ContextRefreshedEvent
1154:             1             24  [Lorg.mortbay.jetty.servlet.FilterHolder;
1155:             1             24  sun.management.RuntimeImpl
1156:             1             24  org.springframework.beans.factory.config.PropertyPlaceholderConfigurer$PlaceholderResolvingStringValueResolver
1157:             1             24  sun.nio.cs.UTF_8
1158:             1             24  [Lorg.mortbay.io.nio.SelectorManager$SelectSet;
1159:             1             24  org.jboss.netty.util.internal.DeadLockProofWorker$1
1160:             1             24  org.mortbay.util.IO$NullWrite
1161:             1             24  org.springframework.core.io.support.EncodedResource
1162:             1             24  [Ljava.net.StandardProtocolFamily;
1163:             1             24  java.util.concurrent.CopyOnWriteArrayList$COWIterator
1164:             1             24  com.alibaba.dubbo.remoting.exchange.support.header.HeartBeatTask
1165:             1             24  [Lorg.mortbay.jetty.servlet.FilterMapping;
1166:             1             24  sun.misc.Launcher$AppClassLoader$1
1167:             1             24  org.jboss.netty.channel.socket.nio.NioServerSocketChannelFactory
1168:             1             24  com.alibaba.dubbo.rpc.RpcResult
1169:             1             24  sun.security.action.GetIntegerAction
1170:             1             24  com.alibaba.dubbo.remoting.transport.netty.NettyHandler
1171:             1             16  java.util.concurrent.ThreadPoolExecutor$AbortPolicy
1172:             1             16  com.alibaba.dubbo.common.logger.log4j.Log4jLoggerAdapter
1173:             1             16  java.util.Collections$SingletonSet
1174:             1             16  com.alibaba.dubbo.container.page.pages.SystemPageHandler
1175:             1             16  sun.misc.Launcher
1176:             1             16  sun.misc.ASCIICaseInsensitiveComparator
1177:             1             16  java.lang.SystemClassLoaderAction
1178:             1             16  org.springframework.util.xml.SimpleSaxErrorHandler
1179:             1             16  com.alibaba.dubbo.rpc.filter.TokenFilter
1180:             1             16  com.alibaba.dubbo.remoting.zookeeper.zkclient.ZkclientZookeeperTransporter
1181:             1             16  java.util.Collections$EmptySet
1182:             1             16  java.math.BigDecimal$1
1183:             1             16  org.mortbay.component.Container
1184:             1             16  sun.nio.fs.DefaultFileSystemProvider$1
1185:             1             16  com.alibaba.dubbo.rpc.ProxyFactory$Adpative
1186:             1             16  java.lang.String$CaseInsensitiveComparator
1187:             1             16  com.alibaba.dubbo.cache.CacheFactory$Adpative
1188:             1             16  org.slf4j.helpers.NOPLogger
1189:             1             16  com.alibaba.dubbo.common.threadpool.support.fixed.FixedThreadPool
1190:             1             16  com.alibaba.dubbo.monitor.simple.pages.ServicesPageHandler
1191:             1             16  sun.net.spi.DefaultProxySelector
1192:             1             16  sun.misc.Launcher$Factory
1193:             1             16  org.springframework.util.xml.XmlValidationModeDetector
1194:             1             16  sun.net.www.protocol.file.Handler
1195:             1             16  com.alibaba.dubbo.common.extension.support.ActivateComparator
1196:             1             16  org.mortbay.util.AttributesMap
1197:             1             16  sun.net.spi.DefaultProxySelector$1
1198:             1             16  java.util.Collections$EmptyList
1199:             1             16  com.sun.org.apache.xerces.internal.jaxp.datatype.DatatypeFactoryImpl
1200:             1             16  sun.reflect.GeneratedConstructorAccessor6
1201:             1             16  sun.nio.ch.Util$1
1202:             1             16  com.alibaba.dubbo.monitor.simple.pages.ProvidersPageHandler
1203:             1             16  sun.reflect.GeneratedMethodAccessor1
1204:             1             16  sun.nio.ch.IOVecWrapper$Deallocator
1205:             1             16  java.util.Currency$1
1206:             1             16  org.jboss.netty.channel.SucceededChannelFuture
1207:             1             16  org.jboss.netty.util.internal.AtomicFieldUpdaterUtil$Node
1208:             1             16  java.lang.reflect.ReflectAccess
1209:             1             16  com.alibaba.dubbo.remoting.zookeeper.ZookeeperTransporter$Adpative
1210:             1             16  sun.misc.Unsafe
1211:             1             16  [Ljava.text.FieldPosition;
1212:             1             16  com.alibaba.dubbo.common.threadpool.ThreadPool$Adpative
1213:             1             16  sun.misc.FloatingDecimal$1
1214:             1             16  java.nio.channels.spi.SelectorProvider$1
1215:             1             16  com.alibaba.dubbo.monitor.simple.pages.ConsumersPageHandler
1216:             1             16  sun.net.NetProperties$1
1217:             1             16  com.alibaba.dubbo.config.spring.extension.SpringExtensionFactory
1218:             1             16  java.security.ProtectionDomain$1
1219:             1             16  sun.reflect.GeneratedConstructorAccessor2
1220:             1             16  org.springframework.beans.factory.annotation.QualifierAnnotationAutowireCandidateResolver
1221:             1             16  com.alibaba.dubbo.rpc.filter.ClassLoaderFilter
1222:             1             16  sun.reflect.generics.tree.VoidDescriptor
1223:             1             16  org.mortbay.util.StringMap$NullEntry
1224:             1             16  com.sun.org.apache.xerces.internal.dom.CharacterDataImpl$1
1225:             1             16  com.alibaba.dubbo.registry.zookeeper.ZookeeperRegistryFactory
1226:             1             16  sun.misc.Perf$GetPerfAction
1227:             1             16  org.mortbay.log.Log$1
1228:             1             16  java.security.ProtectionDomain$3
1229:             1             16  com.alibaba.dubbo.rpc.filter.ContextFilter
1230:             1             16  java.lang.Runtime
1231:             1             16  org.mortbay.jetty.servlet.FilterHolder$Config
1232:             1             16  com.alibaba.dubbo.validation.filter.ValidationFilter
1233:             1             16  com.alibaba.dubbo.container.spring.SpringContainer
1234:             1             16  com.alibaba.dubbo.common.bytecode.Wrapper3
1235:             1             16  javax.xml.parsers.SecuritySupport
1236:             1             16  com.alibaba.dubbo.remoting.transport.DecodeHandler
1237:             1             16  org.springframework.beans.factory.xml.BeansDtdResolver
1238:             1             16  org.springframework.beans.support.ResourceEditorRegistrar
1239:             1             16  java.util.regex.Pattern$Node
1240:             1             16  sun.nio.ch.EPollSelectorProvider
1241:             1             16  java.util.regex.Pattern$4
1242:             1             16  com.alibaba.dubbo.monitor.simple.pages.StatisticsPageHandler
1243:             1             16  org.mortbay.jetty.servlet.ServletHolder$Config
1244:             1             16  com.alibaba.dubbo.cache.filter.CacheFilter
1245:             1             16  com.alibaba.dubbo.monitor.simple.SimpleMonitorService$1
1246:             1             16  org.springframework.context.support.ApplicationContextAwareProcessor
1247:             1             16  org.springframework.beans.factory.parsing.ParseState
1248:             1             16  java.util.regex.Pattern$LastNode
1249:             1             16  com.alibaba.dubbo.container.jetty.JettyContainer
1250:             1             16  com.alibaba.dubbo.common.store.support.SimpleDataStore
1251:             1             16  java.util.Collections$EmptyIterator
1252:             1             16  sun.misc.Perf
1253:             1             16  java.nio.Bits$1
1254:             1             16  com.alibaba.dubbo.monitor.simple.SimpleMonitorService$2
1255:             1             16  com.sun.org.apache.xerces.internal.impl.dv.xs.AnySimpleDV
1256:             1             16  [Ljava.lang.Enum;
1257:             1             16  com.alibaba.dubbo.rpc.filter.ExceptionFilter
1258:             1             16  com.alibaba.dubbo.monitor.simple.pages.ChartsPageHandler
1259:             1             16  org.mortbay.log.Slf4jLog
1260:             1             16  com.sun.org.apache.xerces.internal.utils.SecuritySupport
1261:             1             16  com.alibaba.dubbo.common.compiler.support.AdaptiveCompiler
1262:             1             16  com.sun.org.apache.xerces.internal.impl.dv.xs.StringDV
1263:             1             16  org.mortbay.jetty.Response$NullOutput
1264:             1             16  com.alibaba.dubbo.rpc.protocol.dubbo.filter.TraceFilter
1265:             1             16  com.alibaba.dubbo.remoting.transport.dispatcher.ChannelHandlers
1266:             1             16  com.alibaba.dubbo.remoting.exchange.support.header.HeaderExchangeHandler
1267:             1             16  com.sun.org.apache.xerces.internal.util.EntityResolverWrapper
1268:             1             16  com.alibaba.dubbo.rpc.cluster.RouterFactory$Adpative
1269:             1             16  com.alibaba.dubbo.rpc.filter.ExecuteLimitFilter
1270:             1             16  com.sun.org.apache.xerces.internal.impl.dv.xs.BooleanDV
1271:             1             16  sun.misc.Launcher$BootClassPathHolder$1
1272:             1             16  org.springframework.util.ReflectionUtils$3
1273:             1             16  java.util.WeakHashMap$KeySet
1274:             1             16  com.alibaba.dubbo.remoting.transport.MultiMessageHandler
1275:             1             16  org.springframework.core.task.SyncTaskExecutor
1276:             1             16  com.alibaba.dubbo.monitor.simple.pages.ApplicationsPageHandler
1277:             1             16  sun.reflect.ReflectionFactory
1278:             1             16  com.alibaba.dubbo.rpc.cluster.ConfiguratorFactory$Adpative
1279:             1             16  com.alibaba.dubbo.rpc.protocol.dubbo.DubboCodec
1280:             1             16  com.sun.org.apache.xerces.internal.impl.dv.xs.DateTimeDV
1281:             1             16  java.util.ResourceBundle$RBClassLoader$1
1282:             1             16  com.sun.org.apache.xerces.internal.impl.dv.xs.DecimalDV
1283:             1             16  java.net.InetAddress$1
1284:             1             16  com.alibaba.dubbo.rpc.protocol.dubbo.DubboCountCodec
1285:             1             16  com.alibaba.dubbo.remoting.transport.dispatcher.all.AllDispatcher
1286:             1             16  sun.reflect.GeneratedConstructorAccessor4
1287:             1             16  java.net.URLClassLoader$7
1288:             1             16  java.lang.ref.Reference$Lock
1289:             1             16  com.sun.org.apache.xerces.internal.impl.dv.xs.ExtendedSchemaDVFactoryImpl
1290:             1             16  org.apache.log4j.helpers.NullEnumeration
1291:             1             16  com.sun.org.apache.xerces.internal.util.DefaultErrorHandler
1292:             1             16  java.util.jar.JavaUtilJarAccessImpl
1293:             1             16  com.alibaba.dubbo.common.bytecode.Proxy$1
1294:             1             16  com.alibaba.dubbo.registry.RegistryFactory$Adpative
1295:             1             16  javassist.ClassPool$1
1296:             1             16  com.alibaba.dubbo.monitor.simple.pages.DependenciesPageHandler
1297:             1             16  com.sun.org.apache.xerces.internal.impl.dv.xs.FloatDV
1298:             1             16  com.alibaba.dubbo.registry.pages.RegistriesPageHandler
1299:             1             16  com.alibaba.dubbo.common.bytecode.Wrapper0
1300:             1             16  com.sun.org.apache.xerces.internal.impl.dv.xs.PrecisionDecimalDV
1301:             1             16  com.sun.org.apache.xerces.internal.impl.dv.xs.TimeDV
1302:             1             16  org.jboss.netty.channel.socket.nio.SocketSendBufferPool$EmptySendBuffer
1303:             1             16  com.alibaba.dubbo.common.bytecode.Proxy$2
1304:             1             16  java.text.DontCareFieldPosition$1
1305:             1             16  sun.nio.fs.LinuxFileSystemProvider
1306:             1             16  com.sun.org.apache.xerces.internal.impl.dv.xs.DoubleDV
1307:             1             16  com.sun.org.apache.xerces.internal.impl.dv.xs.IDDV
1308:             1             16  sun.util.calendar.Gregorian
1309:             1             16  org.apache.log4j.SortedKeyEnumeration
1310:             1             16  com.alibaba.dubbo.monitor.simple.pages.HostsPageHandler
1311:             1             16  com.sun.org.apache.xerces.internal.impl.dv.dtd.StringDatatypeValidator
1312:             1             16  org.slf4j.helpers.SubstituteLoggerFactory
1313:             1             16  org.springframework.beans.factory.support.DefaultBeanNameGenerator
1314:             1             16  com.alibaba.dubbo.rpc.filter.EchoFilter
1315:             1             16  com.sun.org.apache.xerces.internal.impl.dv.xs.DateDV
1316:             1             16  java.io.FileDescriptor$1
1317:             1             16  com.sun.org.apache.xerces.internal.impl.dv.xs.IDREFDV
1318:             1             16  com.alibaba.dubbo.common.bytecode.proxy0
1319:             1             16  com.sun.org.apache.xerces.internal.impl.dv.dtd.IDDatatypeValidator
1320:             1             16  java.util.Collections$EmptyEnumeration
1321:             1             16  com.alibaba.dubbo.monitor.simple.pages.UnregisterPageHandler
1322:             1             16  [Ljava.security.cert.Certificate;
1323:             1             16  java.lang.Terminator$1
1324:             1             16  com.alibaba.dubbo.remoting.Dispatcher$Adpative
1325:             1             16  [Lcom.sun.org.apache.xerces.internal.impl.xs.SubstitutionGroupHandler$OneSubGroup;
1326:             1             16  com.sun.org.apache.xerces.internal.impl.dv.dtd.IDREFDatatypeValidator
1327:             1             16  com.sun.org.apache.xerces.internal.impl.dv.xs.EntityDV
1328:             1             16  com.alibaba.dubbo.config.AbstractConfig$1
1329:             1             16  com.alibaba.dubbo.common.bytecode.Proxy0
1330:             1             16  sun.misc.Launcher$ExtClassLoader$1
1331:             1             16  com.alibaba.dubbo.container.log4j.Log4jContainer
1332:             1             16  com.alibaba.dubbo.rpc.filter.TimeoutFilter
1333:             1             16  com.sun.org.apache.xerces.internal.impl.dv.xs.IntegerDV
1334:             1             16  com.alibaba.dubbo.monitor.simple.pages.UnsubscribePageHandler
1335:             1             16  sun.util.calendar.ZoneInfoFile$3
1336:             1             16  com.sun.org.apache.xerces.internal.impl.dv.xs.YearMonthDV
1337:             1             16  com.alibaba.dubbo.rpc.filter.GenericFilter
1338:             1             16  com.alibaba.dubbo.rpc.proxy.InvokerInvocationHandler
1339:             1             16  com.alibaba.dubbo.registry.pages.RegisteredPageHandler
1340:             1             16  com.alibaba.dubbo.common.bytecode.Wrapper$1
1341:             1             16  sun.net.InetAddressCachePolicy$1
1342:             1             16  java.util.TimeZone$1
1343:             1             16  com.sun.org.apache.xerces.internal.impl.dv.xs.ListDV
1344:             1             16  java.net.URL$1
1345:             1             16  org.jboss.netty.util.ThreadNameDeterminer$1
1346:             1             16  org.apache.log4j.helpers.AppenderAttachableImpl
1347:             1             16  com.sun.org.apache.xerces.internal.impl.dv.dtd.NOTATIONDatatypeValidator
1348:             1             16  java.nio.charset.CoderResult$1
1349:             1             16  java.lang.ApplicationShutdownHooks$1
1350:             1             16  com.alibaba.dubbo.remoting.exchange.support.header.HeartbeatHandler
1351:             1             16  com.sun.org.apache.xerces.internal.impl.dv.xs.UnionDV
1352:             1             16  sun.nio.ch.Net$1
1353:             1             16  org.jboss.netty.util.ThreadNameDeterminer$2
1354:             1             16  com.sun.org.apache.xerces.internal.impl.dv.xs.YearDV
1355:             1             16  com.alibaba.dubbo.registry.pages.SubscribedPageHandler
1356:             1             16  com.sun.org.apache.xerces.internal.impl.dv.dtd.NMTOKENDatatypeValidator
1357:             1             16  java.nio.charset.CoderResult$2
1358:             1             16  com.sun.org.apache.xerces.internal.impl.xs.XSConstraints$1
1359:             1             16  org.apache.log4j.or.RendererMap
1360:             1             16  com.sun.org.apache.xerces.internal.impl.dv.xs.YearMonthDurationDV
1361:             1             16  com.alibaba.dubbo.remoting.transport.netty.NettyTransporter
1362:             1             16  [Ljava.lang.Throwable;
1363:             1             16  org.I0Itec.zkclient.serialize.SerializableSerializer
1364:             1             16  com.alibaba.dubbo.container.page.MenuComparator
1365:             1             16  sun.nio.fs.UnixNativeDispatcher$1
1366:             1             16  com.alibaba.dubbo.rpc.Protocol$Adpative
1367:             1             16  com.alibaba.dubbo.remoting.transport.netty.NettyHelper$DubboLoggerFactory
1368:             1             16  com.alibaba.dubbo.rpc.protocol.dubbo.page.ServersPageHandler
1369:             1             16  java.net.InetAddressContainer
1370:             1             16  com.sun.org.apache.xerces.internal.impl.dv.xs.DayTimeDurationDV
1371:             1             16  com.alibaba.dubbo.common.compiler.support.JavassistCompiler
1372:             1             16  sun.reflect.GeneratedMethodAccessor2
1373:             1             16  org.apache.log4j.or.DefaultRenderer
1374:             1             16  org.slf4j.helpers.NOPLoggerFactory
1375:             1             16  sun.nio.ch.ExtendedSocketOption$1
1376:             1             16  com.sun.org.apache.xerces.internal.impl.dv.xs.MonthDayDV
1377:             1             16  com.alibaba.dubbo.common.extension.factory.AdaptiveExtensionFactory
1378:             1             16  com.alibaba.dubbo.validation.Validation$Adpative
1379:             1             16  com.alibaba.dubbo.common.utils.CollectionUtils$1
1380:             1             16  org.jboss.netty.channel.DefaultChannelPipeline$DiscardingChannelSink
1381:             1             16  com.sun.org.apache.xerces.internal.impl.dv.xs.AnyAtomicDV
1382:             1             16  [Ljava.nio.file.attribute.FileAttribute;
1383:             1             16  com.alibaba.dubbo.rpc.cluster.Cluster$Adpative
1384:             1             16  org.apache.log4j.spi.DefaultRepositorySelector
1385:             1             16  com.alibaba.dubbo.rpc.protocol.dubbo.page.ClientsPageHandler
1386:             1             16  org.mortbay.util.IO$ClosedIS
1387:             1             16  org.jboss.netty.channel.Channels$1
1388:             1             16  org.jboss.netty.logging.JdkLoggerFactory
1389:             1             16  sun.reflect.generics.tree.BottomSignature
1390:             1             16  com.alibaba.dubbo.config.ReferenceConfig$1
1391:             1             16  com.alibaba.dubbo.common.bytecode.Wrapper2
1392:             1             16  sun.util.calendar.ZoneInfoFile$1
1393:             1             16  java.lang.System$2
1394:             1             16  com.alibaba.dubbo.remoting.Transporter$Adpative
1395:             1             16  com.sun.org.apache.xerces.internal.impl.dv.xs.DayDV
1396:             1             16  com.alibaba.dubbo.monitor.simple.RegistryContainer$1
1397:             1             16  org.mortbay.util.IO$NullOS
1398:             1             16  com.sun.org.apache.xerces.internal.impl.dv.xs.XSSimpleTypeDecl$1
1399:             1             16  com.alibaba.dubbo.container.page.pages.HomePageHandler
1400:             1             16  sun.util.calendar.ZoneInfoFile$2
1401:             1             16  sun.reflect.GeneratedConstructorAccessor3
1402:             1             16  sun.net.DefaultProgressMeteringPolicy
1403:             1             16  com.sun.org.apache.xerces.internal.impl.xs.util.XSObjectListImpl$1
1404:             1             16  org.springframework.util.DefaultPropertiesPersister
1405:             1             16  com.sun.org.apache.xerces.internal.impl.dv.xs.DurationDV
1406:             1             16  org.springframework.beans.factory.parsing.FailFastProblemReporter
1407:             1             16  com.sun.org.apache.xerces.internal.impl.dv.xs.MonthDV
1408:             1             16  com.alibaba.dubbo.common.bytecode.Wrapper1
1409:             1             16  com.sun.org.apache.xerces.internal.impl.dv.xs.XSSimpleTypeDecl$4
1410:             1             16  com.alibaba.dubbo.container.page.pages.StatusPageHandler
1411:             1             16  java.lang.CharacterDataLatin1
1412:             1             16  com.sun.org.apache.xerces.internal.impl.xs.models.XSEmptyCM
1413:             1             16  org.springframework.beans.factory.parsing.EmptyReaderEventListener
1414:             1             16  com.alibaba.dubbo.registry.support.FailbackRegistry$1
1415:             1             16  com.alibaba.dubbo.rpc.proxy.javassist.JavassistProxyFactory
1416:             1             16  com.alibaba.dubbo.common.extension.factory.SpiExtensionFactory
1417:             1             16  com.sun.org.apache.xerces.internal.impl.dv.xs.HexBinaryDV
1418:             1             16  com.alibaba.dubbo.monitor.MonitorFactory$Adpative
1419:             1             16  [Ljava.nio.file.LinkOption;
1420:             1             16  sun.reflect.GeneratedConstructorAccessor5
1421:             1             16  sun.reflect.GeneratedConstructorAccessor1
1422:             1             16  java.lang.Compiler$1
1423:             1             16  org.springframework.beans.factory.parsing.NullSourceExtractor
1424:             1             16  java.security.Security$1
1425:             1             16  com.alibaba.dubbo.container.page.pages.LogPageHandler
1426:             1             16  com.alibaba.dubbo.remoting.zookeeper.zkclient.ZkclientZookeeperClient$1
1427:             1             16  com.sun.org.apache.xerces.internal.impl.dv.xs.Base64BinaryDV
1428:             1             16  sun.net.www.protocol.jar.JarFileFactory
1429:             1             16  com.alibaba.dubbo.remoting.exchange.support.header.HeaderExchanger
1430:             1             16  java.net.SocksSocketImpl$3
1431:             1             16  [Ljava.beans.EventSetDescriptor;
1432:             1             16  java.util.ResourceBundle$Control
1433:             1             16  com.alibaba.dubbo.registry.zookeeper.ZookeeperRegistry$1
1434:             1             16  org.apache.commons.logging.impl.LogFactoryImpl$1
1435:             1             16  sun.util.resources.LocaleData$LocaleDataResourceBundleControl
1436:             1             16  org.springframework.beans.factory.support.CglibSubclassingInstantiationStrategy
1437:             1             16  org.apache.zookeeper.ClientCnxn$1
1438:             1             16  java.nio.file.FileSystems$DefaultFileSystemHolder$1
1439:             1             16  org.springframework.beans.factory.config.BeanDefinitionVisitor
1440:             1             16  org.springframework.beans.factory.xml.DefaultDocumentLoader
1441:             1             16  com.sun.org.apache.xerces.internal.impl.xs.util.XIntPool
1442:             1             16  sun.net.InetAddressCachePolicy$2
1443:             1             16  com.alibaba.dubbo.remoting.exchange.support.header.HeaderExchangeServer$1
1444:             1             16  com.sun.org.apache.xerces.internal.impl.dv.xs.AnyURIDV
Total        963445      158586112
